Component: ARM Compiler 5.06 update 6 (build 750) Tool: armlink [4d35ed]

==============================================================================

Section Cross References

    main.o(i.main) refers to main.o(i.setupSystemClock) for setupSystemClock
    main.o(i.main) refers to main.o(i.setupGpio) for setupGpio
    main.o(i.main) refers to main.o(i.setupUart) for setupUart
    main.o(i.main) refers to printf5.o(i.__0printf$5) for __2printf
    main.o(i.main) refers to tasks.o(i.xTaskCreate) for xTaskCreate
    main.o(i.main) refers to tasks.o(i.vTaskStartScheduler) for vTaskStartScheduler
    main.o(i.main) refers to system_m480.o(.data) for SystemCoreClock
    main.o(i.main) refers to main.o(i.vCheckTask) for vCheckTask
    main.o(i.main) refers to main.o(i.vWifiTask) for vWifiTask
    main.o(i.setupGpio) refers to gpio.o(i.GPIO_SetMode) for GPIO_SetMode
    main.o(i.setupGpio) refers to main.o(i.writePin) for writePin
    main.o(i.setupSystemClock) refers to clk.o(i.CLK_EnableXtalRC) for CLK_EnableXtalRC
    main.o(i.setupSystemClock) refers to clk.o(i.CLK_WaitClockReady) for CLK_WaitClockReady
    main.o(i.setupSystemClock) refers to clk.o(i.CLK_SetHCLK) for CLK_SetHCLK
    main.o(i.setupSystemClock) refers to clk.o(i.CLK_SetCoreClock) for CLK_SetCoreClock
    main.o(i.setupSystemClock) refers to main.o(i.setupUartClock) for setupUartClock
    main.o(i.setupSystemClock) refers to system_m480.o(i.SystemCoreClockUpdate) for SystemCoreClockUpdate
    main.o(i.setupSystemClock) refers to main.o(i.setupUartMultifunction) for setupUartMultifunction
    main.o(i.setupUart) refers to sys.o(i.SYS_ResetModule) for SYS_ResetModule
    main.o(i.setupUart) refers to uart.o(i.UART_Open) for UART_Open
    main.o(i.setupUartClock) refers to clk.o(i.CLK_EnableModuleClock) for CLK_EnableModuleClock
    main.o(i.setupUartClock) refers to clk.o(i.CLK_SetModuleClock) for CLK_SetModuleClock
    main.o(i.vCheckTask) refers to main.o(i.writePin) for writePin
    main.o(i.vCheckTask) refers to tasks.o(i.vTaskDelay) for vTaskDelay
    main.o(i.vWifiTask) refers to tasks.o(i.vTaskDelay) for vTaskDelay
    main.o(i.vWifiTask) refers to lwesp.o(i.lwesp_init) for lwesp_init
    main.o(i.vWifiTask) refers to printf5.o(i.__0printf$5) for __2printf
    main.o(i.vWifiTask) refers to printf5.o(i.__0sprintf$5) for __2sprintf
    clk.o(i.CLK_DisableCKO) refers to clk.o(i.CLK_DisableModuleClock) for CLK_DisableModuleClock
    clk.o(i.CLK_EnableCKO) refers to clk.o(i.CLK_EnableModuleClock) for CLK_EnableModuleClock
    clk.o(i.CLK_EnableCKO) refers to clk.o(i.CLK_SetModuleClock) for CLK_SetModuleClock
    clk.o(i.CLK_EnablePLL) refers to clk.o(i.CLK_DisablePLL) for CLK_DisablePLL
    clk.o(i.CLK_EnablePLL) refers to clk.o(i.CLK_WaitClockReady) for CLK_WaitClockReady
    clk.o(i.CLK_EnablePLL) refers to clk.o(i.CLK_GetPLLClockFreq) for CLK_GetPLLClockFreq
    clk.o(i.CLK_GetCPUFreq) refers to system_m480.o(i.SystemCoreClockUpdate) for SystemCoreClockUpdate
    clk.o(i.CLK_GetCPUFreq) refers to system_m480.o(.data) for SystemCoreClock
    clk.o(i.CLK_GetHCLKFreq) refers to system_m480.o(i.SystemCoreClockUpdate) for SystemCoreClockUpdate
    clk.o(i.CLK_GetHCLKFreq) refers to system_m480.o(.data) for SystemCoreClock
    clk.o(i.CLK_GetModuleClockDivider) refers to clk.o(.constdata) for .constdata
    clk.o(i.CLK_GetModuleClockSource) refers to clk.o(.constdata) for .constdata
    clk.o(i.CLK_GetPCLK0Freq) refers to system_m480.o(i.SystemCoreClockUpdate) for SystemCoreClockUpdate
    clk.o(i.CLK_GetPCLK0Freq) refers to system_m480.o(.data) for SystemCoreClock
    clk.o(i.CLK_GetPCLK1Freq) refers to system_m480.o(i.SystemCoreClockUpdate) for SystemCoreClockUpdate
    clk.o(i.CLK_GetPCLK1Freq) refers to system_m480.o(.data) for SystemCoreClock
    clk.o(i.CLK_SetCoreClock) refers to clk.o(i.CLK_WaitClockReady) for CLK_WaitClockReady
    clk.o(i.CLK_SetCoreClock) refers to clk.o(i.CLK_EnablePLL) for CLK_EnablePLL
    clk.o(i.CLK_SetCoreClock) refers to clk.o(i.CLK_SetHCLK) for CLK_SetHCLK
    clk.o(i.CLK_SetHCLK) refers to clk.o(i.CLK_WaitClockReady) for CLK_WaitClockReady
    clk.o(i.CLK_SetHCLK) refers to system_m480.o(i.SystemCoreClockUpdate) for SystemCoreClockUpdate
    clk.o(i.CLK_SetPowerDownMode) refers to clk.o(i.CLK_WaitClockReady) for CLK_WaitClockReady
    clk.o(i.CLK_WaitClockReady) refers to system_m480.o(.data) for SystemCoreClock
    clk.o(i.CLK_WaitClockReady) refers to clk.o(.data) for g_CLK_i32ErrCode
    uart.o(i.UART_Open) refers to clk.o(i.CLK_GetPLLClockFreq) for CLK_GetPLLClockFreq
    uart.o(i.UART_Open) refers to uart.o(.constdata) for .constdata
    uart.o(i.UART_SelectIrDAMode) refers to clk.o(i.CLK_GetPLLClockFreq) for CLK_GetPLLClockFreq
    uart.o(i.UART_SelectIrDAMode) refers to uart.o(.constdata) for .constdata
    uart.o(i.UART_SetLineConfig) refers to clk.o(i.CLK_GetPLLClockFreq) for CLK_GetPLLClockFreq
    uart.o(i.UART_SetLineConfig) refers to uart.o(.constdata) for .constdata
[...]
    Removing timers.o(i.pcTimerGetName), (32 bytes).
    Removing timers.o(i.prvInitialiseNewTimer), (78 bytes).
    Removing timers.o(i.pvTimerGetTimerID), (44 bytes).
    Removing timers.o(i.uxTimerGetTimerNumber), (6 bytes).
    Removing timers.o(i.vTimerSetTimerID), (44 bytes).
    Removing timers.o(i.vTimerSetTimerNumber), (4 bytes).
    Removing timers.o(i.xTimerCreate), (48 bytes).
    Removing timers.o(i.xTimerGetExpiryTime), (34 bytes).
    Removing timers.o(i.xTimerGetPeriod), (32 bytes).
    Removing timers.o(i.xTimerGetTimerDaemonTaskHandle), (48 bytes).
    Removing timers.o(i.xTimerIsTimerActive), (56 bytes).
    Removing heap_2.o(.rev16_text), (4 bytes).
    Removing heap_2.o(.revsh_text), (4 bytes).
    Removing heap_2.o(.rrx_text), (6 bytes).
    Removing heap_2.o(i.vPortInitialiseBlocks), (2 bytes).
    Removing heap_2.o(i.xPortGetFreeHeapSize), (12 bytes).
    Removing lwesp.o(.rev16_text), (4 bytes).
    Removing lwesp.o(.revsh_text), (4 bytes).
    Removing lwesp.o(.rrx_text), (6 bytes).
    Removing lwesp_ll_m480.o(.rev16_text), (4 bytes).
    Removing lwesp_ll_m480.o(.revsh_text), (4 bytes).
    Removing lwesp_ll_m480.o(.rrx_text), (6 bytes).
    Removing lwesp_at_basic.o(.rev16_text), (4 bytes).
    Removing lwesp_at_basic.o(.revsh_text), (4 bytes).
    Removing lwesp_at_basic.o(.rrx_text), (6 bytes).
    Removing lwesp_sys.o(.rev16_text), (4 bytes).
    Removing lwesp_sys.o(.revsh_text), (4 bytes).
    Removing lwesp_sys.o(.rrx_text), (6 bytes).
    Removing retarget.o(.rev16_text), (4 bytes).
    Removing retarget.o(.revsh_text), (4 bytes).
    Removing retarget.o(.rrx_text), (6 bytes).
    Removing retarget.o(i.GetChar), (28 bytes).
    Removing retarget.o(i.IsDebugFifoEmpty), (16 bytes).
    Removing retarget.o(i._ttywrch), (12 bytes).
    Removing retarget.o(i.ferror), (8 bytes).
    Removing retarget.o(i.fgetc), (10 bytes).
    Removing retarget.o(i.kbhit), (16 bytes).
    Removing startup_m480.o(HEAP), (256 bytes).
    Removing system_m480.o(.rev16_text), (4 bytes).
    Removing system_m480.o(.revsh_text), (4 bytes).
    Removing system_m480.o(.rrx_text), (6 bytes).
    Removing dadd.o(.text), (334 bytes).
    Removing dmul.o(.text), (228 bytes).
    Removing ddiv.o(.text), (222 bytes).
    Removing dfixul.o(.text), (48 bytes).
    Removing cdrcmple.o(.text), (48 bytes).
    Removing depilogue.o(.text), (186 bytes).

204 unused section(s) (total 12288 bytes) removed from the image.

==============================================================================

Image Symbol Table

    Local Symbols

    Symbol Name                              Value     Ov Type        Size  Object(Section)

    RESET                                    0x00000000   Section      500  startup_m480.o(RESET)
    ../clib/../cmprslib/zerorunl2.c          0x00000000   Number         0  __dczerorl2.o ABSOLUTE
    ../clib/microlib/division.c              0x00000000   Number         0  uldiv.o ABSOLUTE
    ../clib/microlib/division.c              0x00000000   Number         0  uidiv.o ABSOLUTE
    ../clib/microlib/init/entry.s            0x00000000   Number         0  entry5.o ABSOLUTE
    ../clib/microlib/init/entry.s            0x00000000   Number         0  entry10a.o ABSOLUTE
    ../clib/microlib/init/entry.s            0x00000000   Number         0  entry10b.o ABSOLUTE
    ../clib/microlib/init/entry.s            0x00000000   Number         0  entry7a.o ABSOLUTE
    ../clib/microlib/init/entry.s            0x00000000   Number         0  entry11a.o ABSOLUTE
    ../clib/microlib/init/entry.s            0x00000000   Number         0  entry7b.o ABSOLUTE
    ../clib/microlib/init/entry.s            0x00000000   Number         0  entry8a.o ABSOLUTE
    ../clib/microlib/init/entry.s            0x00000000   Number         0  entry11b.o ABSOLUTE
    ../clib/microlib/init/entry.s            0x00000000   Number         0  entry8b.o ABSOLUTE
    ../clib/microlib/init/entry.s            0x00000000   Number         0  entry9a.o ABSOLUTE
    ../clib/microlib/init/entry.s            0x00000000   Number         0  entry2.o ABSOLUTE
    ../clib/microlib/init/entry.s            0x00000000   Number         0  entry9b.o ABSOLUTE
    ../clib/microlib/init/entry.s            0x00000000   Number         0  entry.o ABSOLUTE
    ../clib/microlib/longlong.c              0x00000000   Number         0  llushr.o ABSOLUTE
    ../clib/microlib/longlong.c              0x00000000   Number         0  llshl.o ABSOLUTE
    ../clib/microlib/longlong.c              0x00000000   Number         0  llsshr.o ABSOLUTE
    ../clib/microlib/printf/printf.c         0x00000000   Number         0  printf7.o ABSOLUTE
    ../clib/microlib/printf/printf.c         0x00000000   Number         0  printf5.o ABSOLUTE
    ../clib/microlib/printf/printf.c         0x00000000   Number         0  printf4.o ABSOLUTE
    ../clib/microlib/printf/printf.c         0x00000000   Number         0  printf2.o ABSOLUTE
    ../clib/microlib/printf/printf.c         0x00000000   Number         0  printf1.o ABSOLUTE
    ../clib/microlib/printf/printf.c         0x00000000   Number         0  printf0.o ABSOLUTE
    ../clib/microlib/printf/printf.c         0x00000000   Number         0  printf3.o ABSOLUTE
    ../clib/microlib/printf/printf.c         0x00000000   Number         0  printfb.o ABSOLUTE
    ../clib/microlib/printf/printf.c         0x00000000   Number         0  printf6.o ABSOLUTE
    ../clib/microlib/printf/printf.c         0x00000000   Number         0  printfa.o ABSOLUTE
    ../clib/microlib/printf/printf.c         0x00000000   Number         0  printf8.o ABSOLUTE
    ../clib/microlib/printf/stubs.s          0x00000000   Number         0  stubs.o ABSOLUTE
    ../clib/microlib/string/memcpy.c         0x00000000   Number         0  memcpya.o ABSOLUTE
    ../clib/microlib/string/memcpy.c         0x00000000   Number         0  memcpyb.o ABSOLUTE
    ../clib/microlib/string/memset.c         0x00000000   Number         0  memseta.o ABSOLUTE
    ../clib/microlib/string/strlen.c         0x00000000   Number         0  strlen.o ABSOLUTE
    ../clib/microlib/string/strstr.c         0x00000000   Number         0  strstr.o ABSOLUTE
    ../clib/microlib/string/strtok.c         0x00000000   Number         0  strtok.o ABSOLUTE
    ../clib/microlib/string/strtok.c         0x00000000   Number         0  strtok_r.o ABSOLUTE
    ../clib/microlib/stubs.s                 0x00000000   Number         0  iusefp.o ABSOLUTE
    ../fplib/microlib/fpadd.c                0x00000000   Number         0  dadd.o ABSOLUTE
    ../fplib/microlib/fpdiv.c                0x00000000   Number         0  ddiv.o ABSOLUTE
    ../fplib/microlib/fpepilogue.c           0x00000000   Number         0  depilogue.o ABSOLUTE
    ../fplib/microlib/fpfix.c                0x00000000   Number         0  dfixul.o ABSOLUTE
    ../fplib/microlib/fpmul.c                0x00000000   Number         0  dmul.o ABSOLUTE
    ..\M480_BSP\Library\StdDriver\src\clk.c  0x00000000   Number         0  clk.o ABSOLUTE
    ..\M480_BSP\Library\StdDriver\src\gpio.c 0x00000000   Number         0  gpio.o ABSOLUTE
    ..\M480_BSP\Library\StdDriver\src\pdma.c 0x00000000   Number         0  pdma.o ABSOLUTE
    ..\M480_BSP\Library\StdDriver\src\sys.c  0x00000000   Number         0  sys.o ABSOLUTE
    ..\M480_BSP\Library\StdDriver\src\uart.c 0x00000000   Number         0  uart.o ABSOLUTE
    ..\M480_BSP\ThirdParty\FreeRTOS\Source\list.c 0x00000000   Number         0  list.o ABSOLUTE
    ..\M480_BSP\ThirdParty\FreeRTOS\Source\portable\MemMang\heap_2.c 0x00000000   Number         0  heap_2.o ABSOLUTE
    ..\M480_BSP\ThirdParty\FreeRTOS\Source\portable\RVDS\ARM_CM4F\port.c 0x00000000   Number         0  port.o ABSOLUTE
    ..\M480_BSP\ThirdParty\FreeRTOS\Source\queue.c 0x00000000   Number         0  queue.o ABSOLUTE
    ..\M480_BSP\ThirdParty\FreeRTOS\Source\tasks.c 0x00000000   Number         0  tasks.o ABSOLUTE
    ..\M480_BSP\ThirdParty\FreeRTOS\Source\timers.c 0x00000000   Number         0  timers.o ABSOLUTE
    ..\M480_BSP\ThirdParty\lwesp\lwesp\source\lwesp.c 0x00000000   Number         0  lwesp.o ABSOLUTE
    ..\M480_BSP\ThirdParty\lwesp\lwesp\source\lwesp_at_basic.c 0x00000000   Number         0  lwesp_at_basic.o ABSOLUTE
    ..\M480_BSP\ThirdParty\lwesp\lwesp\source\lwesp_ll_m480.c 0x00000000   Number         0  lwesp_ll_m480.o ABSOLUTE
    ..\M480_BSP\ThirdParty\lwesp\lwesp\source\lwesp_queue.c 0x00000000   Number         0  lwesp_queue.o ABSOLUTE
    ..\M480_BSP\ThirdParty\lwesp\lwesp\source\lwesp_sys.c 0x00000000   Number         0  lwesp_sys.o ABSOLUTE
    ..\\M480_BSP\\Library\\StdDriver\\src\\clk.c 0x00000000   Number         0  clk.o ABSOLUTE
    ..\\M480_BSP\\Library\\StdDriver\\src\\gpio.c 0x00000000   Number         0  gpio.o ABSOLUTE
    ..\\M480_BSP\\Library\\StdDriver\\src\\pdma.c 0x00000000   Number         0  pdma.o ABSOLUTE
    ..\\M480_BSP\\Library\\StdDriver\\src\\sys.c 0x00000000   Number         0  sys.o ABSOLUTE
    ..\\M480_BSP\\Library\\StdDriver\\src\\uart.c 0x00000000   Number         0  uart.o ABSOLUTE
    ..\\M480_BSP\\ThirdParty\\FreeRTOS\\Source\\list.c 0x00000000   Number         0  list.o ABSOLUTE
    ..\\M480_BSP\\ThirdParty\\FreeRTOS\\Source\\portable\\MemMang\\heap_2.c 0x00000000   Number         0  heap_2.o ABSOLUTE
    ..\\M480_BSP\\ThirdParty\\FreeRTOS\\Source\\portable\\RVDS\\ARM_CM4F\\port.c 0x00000000   Number         0  port.o ABSOLUTE
    ..\\M480_BSP\\ThirdParty\\FreeRTOS\\Source\\queue.c 0x00000000   Number         0  queue.o ABSOLUTE
    ..\\M480_BSP\\ThirdParty\\FreeRTOS\\Source\\tasks.c 0x00000000   Number         0  tasks.o ABSOLUTE
    ..\\M480_BSP\\ThirdParty\\FreeRTOS\\Source\\timers.c 0x00000000   Number         0  timers.o ABSOLUTE
    ..\\M480_BSP\\ThirdParty\\lwesp\\lwesp\\source\\lwesp.c 0x00000000   Number         0  lwesp.o ABSOLUTE
    ..\\M480_BSP\\ThirdParty\\lwesp\\lwesp\\source\\lwesp_at_basic.c 0x00000000   Number         0  lwesp_at_basic.o ABSOLUTE
    ..\\M480_BSP\\ThirdParty\\lwesp\\lwesp\\source\\lwesp_ll_m480.c 0x00000000   Number         0  lwesp_ll_m480.o ABSOLUTE
    ..\\M480_BSP\\ThirdParty\\lwesp\\lwesp\\source\\lwesp_sys.c 0x00000000   Number         0  lwesp_sys.o ABSOLUTE
    Application\Src\main.c                   0x00000000   Number         0  main.o ABSOLUTE
    Application\\Src\\main.c                 0x00000000   Number         0  main.o ABSOLUTE
    RTE/Device/M487JIDAE/retarget.c          0x00000000   Number         0  retarget.o ABSOLUTE
    RTE/Device/M487JIDAE/startup_M480.s      0x00000000   Number         0  startup_m480.o ABSOLUTE
    RTE/Device/M487JIDAE/system_M480.c       0x00000000   Number         0  system_m480.o ABSOLUTE
    RTE\Device\M487JIDAE\retarget.c          0x00000000   Number         0  retarget.o ABSOLUTE
    RTE\Device\M487JIDAE\system_M480.c       0x00000000   Number         0  system_m480.o ABSOLUTE
    cdrcmple.s                               0x00000000   Number         0  cdrcmple.o ABSOLUTE
    dc.s                                     0x00000000   Number         0  dc.o ABSOLUTE
    handlers.s                               0x00000000   Number         0  handlers.o ABSOLUTE
    init.s                                   0x00000000   Number         0  init.o ABSOLUTE
    .ARM.Collect$$$$00000000                 0x000001f4   Section        0  entry.o(.ARM.Collect$$$$00000000)
    .ARM.Collect$$$$00000001                 0x000001f4   Section        4  entry2.o(.ARM.Collect$$$$00000001)
    .ARM.Collect$$$$00000004                 0x000001f8   Section        4  entry5.o(.ARM.Collect$$$$00000004)
    .ARM.Collect$$$$00000008                 0x000001fc   Section        0  entry7b.o(.ARM.Collect$$$$00000008)
    .ARM.Collect$$$$0000000A                 0x000001fc   Section        0  entry8b.o(.ARM.Collect$$$$0000000A)
    .ARM.Collect$$$$0000000B                 0x000001fc   Section        8  entry9a.o(.ARM.Collect$$$$0000000B)
    .ARM.Collect$$$$0000000D                 0x00000204   Section        0  entry10a.o(.ARM.Collect$$$$0000000D)
    .ARM.Collect$$$$0000000F                 0x00000204   Section        0  entry11a.o(.ARM.Collect$$$$0000000F)
    .ARM.Collect$$$$00002712                 0x00000204   Section        4  entry2.o(.ARM.Collect$$$$00002712)
    __lit__00000000                          0x00000204   Data           4  entry2.o(.ARM.Collect$$$$00002712)
    .emb_text                                0x00000208   Section      190  port.o(.emb_text)
    $v0                                      0x00000208   Number         0  port.o(.emb_text)
    .emb_text                                0x000002c8   Section       28  retarget.o(.emb_text)
    $v0                                      0x000002c8   Number         0  retarget.o(.emb_text)
    .text                                    0x000002e4   Section      104  startup_m480.o(.text)
    $v0                                      0x000002e4   Number         0  startup_m480.o(.text)
    Default_Handler                          0x00000337   Thumb Code     2  startup_m480.o(.text)
    .text                                    0x0000034c   Section        0  memcpya.o(.text)
    .text                                    0x00000370   Section        0  memseta.o(.text)
    .text                                    0x00000394   Section        0  strstr.o(.text)
    .text                                    0x000003b8   Section        0  strlen.o(.text)
    .text                                    0x000003c8   Section        0  strtok_r.o(.text)
    .text                                    0x0000040c   Section        0  uldiv.o(.text)
    .text                                    0x00000470   Section       36  init.o(.text)
    .text                                    0x00000494   Section        0  llshl.o(.text)
    .text                                    0x000004b2   Section        0  llushr.o(.text)
    .text                                    0x000004d2   Section        0  __dczerorl2.o(.text)
    i.CLK_DisablePLL                         0x00000528   Section        0  clk.o(i.CLK_DisablePLL)
    i.CLK_EnableModuleClock                  0x00000540   Section        0  clk.o(i.CLK_EnableModuleClock)
    i.CLK_EnablePLL                          0x00000568   Section        0  clk.o(i.CLK_EnablePLL)
    i.CLK_EnableXtalRC                       0x000006fc   Section        0  clk.o(i.CLK_EnableXtalRC)
    i.CLK_GetPLLClockFreq                    0x00000710   Section        0  clk.o(i.CLK_GetPLLClockFreq)
    i.CLK_SetCoreClock                       0x00000784   Section        0  clk.o(i.CLK_SetCoreClock)
    i.CLK_SetHCLK                            0x00000828   Section        0  clk.o(i.CLK_SetHCLK)
    i.CLK_SetModuleClock                     0x000008a4   Section        0  clk.o(i.CLK_SetModuleClock)
    i.CLK_WaitClockReady                     0x00000978   Section        0  clk.o(i.CLK_WaitClockReady)
    i.GPIO_SetMode                           0x000009bc   Section        0  gpio.o(i.GPIO_SetMode)
    i.Hard_Fault_Handler                     0x000009f0   Section        0  retarget.o(i.Hard_Fault_Handler)
    __tagsym$$used                           0x000009f1   Number         0  retarget.o(i.Hard_Fault_Handler)
    i.LWESP_AWAIT_RESP                       0x00000a1c   Section        0  lwesp_at_basic.o(i.LWESP_AWAIT_RESP)
    i.SYS_ResetModule                        0x00000a54   Section        0  sys.o(i.SYS_ResetModule)
    i.SendChar                               0x00000a7c   Section        0  retarget.o(i.SendChar)
    SendChar                                 0x00000a7d   Thumb Code    12  retarget.o(i.SendChar)
    i.SendChar_ToUART                        0x00000a88   Section        0  retarget.o(i.SendChar_ToUART)
    SendChar_ToUART                          0x00000a89   Thumb Code    44  retarget.o(i.SendChar_ToUART)
    i.SysTick_Handler                        0x00000ab8   Section        0  port.o(i.SysTick_Handler)
    i.SystemCoreClockUpdate                  0x00000aec   Section        0  system_m480.o(i.SystemCoreClockUpdate)
    i.SystemInit                             0x00000b50   Section        0  system_m480.o(i.SystemInit)
    i.UART1_IRQHandler                       0x00000be4   Section        0  lwesp_ll_m480.o(i.UART1_IRQHandler)
    i.UART_DisableFlowCtrl                   0x00000c24   Section        0  uart.o(i.UART_DisableFlowCtrl)
    i.UART_EnableInt                         0x00000c2e   Section        0  uart.o(i.UART_EnableInt)
    i.UART_Open                              0x00000c38   Section        0  uart.o(i.UART_Open)
    i.UART_Write                             0x00000dd4   Section        0  uart.o(i.UART_Write)
    i.__0printf$5                            0x00000e10   Section        0  printf5.o(i.__0printf$5)
    i.__0sprintf$5                           0x00000e30   Section        0  printf5.o(i.__0sprintf$5)
    i.__NVIC_EnableIRQ                       0x00000e58   Section        0  lwesp_ll_m480.o(i.__NVIC_EnableIRQ)
    __NVIC_EnableIRQ                         0x00000e59   Thumb Code    34  lwesp_ll_m480.o(i.__NVIC_EnableIRQ)
    i.__scatterload_copy                     0x00000e7a   Section       14  handlers.o(i.__scatterload_copy)
    i.__scatterload_null                     0x00000e88   Section        2  handlers.o(i.__scatterload_null)
    i.__scatterload_zeroinit                 0x00000e8a   Section       14  handlers.o(i.__scatterload_zeroinit)
    i._printf_core                           0x00000e98   Section        0  printf5.o(i._printf_core)
    _printf_core                             0x00000e99   Thumb Code   658  printf5.o(i._printf_core)
    i._sputc                                 0x00001158   Section        0  printf5.o(i._sputc)
    _sputc                                   0x00001159   Thumb Code    10  printf5.o(i._sputc)
    i.fputc                                  0x00001162   Section        0  retarget.o(i.fputc)
    i.lwesp_basic_init                       0x00001174   Section        0  lwesp_at_basic.o(i.lwesp_basic_init)
    i.lwesp_check_alive                      0x0000118c   Section        0  lwesp_at_basic.o(i.lwesp_check_alive)
    i.lwesp_check_sleep_mode                 0x000011c8   Section        0  lwesp_at_basic.o(i.lwesp_check_sleep_mode)
    i.lwesp_check_version                    0x0000121c   Section        0  lwesp_at_basic.o(i.lwesp_check_version)
    i.lwesp_enter_deep_sleep                 0x00001270   Section        0  lwesp_at_basic.o(i.lwesp_enter_deep_sleep)
    i.lwesp_init                             0x000012bc   Section        0  lwesp.o(i.lwesp_init)
    i.lwesp_ll_configure_pin                 0x00001334   Section        0  lwesp_ll_m480.o(i.lwesp_ll_configure_pin)
    i.lwesp_ll_configure_rx_callback         0x00001354   Section        0  lwesp_ll_m480.o(i.lwesp_ll_configure_rx_callback)
    i.lwesp_ll_configure_uart                0x00001360   Section        0  lwesp_ll_m480.o(i.lwesp_ll_configure_uart)
    i.lwesp_ll_configure_uart_clock          0x0000137c   Section        0  lwesp_ll_m480.o(i.lwesp_ll_configure_uart_clock)
    i.lwesp_ll_configure_uart_irq            0x0000159c   Section        0  lwesp_ll_m480.o(i.lwesp_ll_configure_uart_irq)
    i.lwesp_ll_hard_reset                    0x00001664   Section        0  lwesp_ll_m480.o(i.lwesp_ll_hard_reset)
    i.lwesp_ll_init                          0x00001684   Section        0  lwesp_ll_m480.o(i.lwesp_ll_init)
    i.lwesp_ll_rx_handler_callback           0x000016b8   Section        0  lwesp_sys.o(i.lwesp_ll_rx_handler_callback)
    i.lwesp_ll_send_data                     0x000016d8   Section        0  lwesp_ll_m480.o(i.lwesp_ll_send_data)
    i.lwesp_queue_flush                      0x00001704   Section        0  lwesp_queue.o(i.lwesp_queue_flush)
    i.lwesp_queue_init                       0x00001726   Section        0  lwesp_queue.o(i.lwesp_queue_init)
    i.lwesp_queue_is_empty                   0x0000173a   Section        0  lwesp_queue.o(i.lwesp_queue_is_empty)
    i.lwesp_queue_is_full                    0x0000174a   Section        0  lwesp_queue.o(i.lwesp_queue_is_full)
    i.lwesp_queue_pop                        0x0000175e   Section        0  lwesp_queue.o(i.lwesp_queue_pop)
    i.lwesp_queue_push                       0x00001790   Section        0  lwesp_queue.o(i.lwesp_queue_push)
    i.lwesp_reset_chip                       0x000017c0   Section        0  lwesp_at_basic.o(i.lwesp_reset_chip)
    i.lwesp_restore_chip                     0x000017fc   Section        0  lwesp_at_basic.o(i.lwesp_restore_chip)
    i.lwesp_set_commands_echo                0x00001838   Section        0  lwesp_at_basic.o(i.lwesp_set_commands_echo)
    i.lwesp_set_rf_power                     0x0000188c   Section        0  lwesp_at_basic.o(i.lwesp_set_rf_power)
    i.lwesp_set_sleep_mode                   0x000018d8   Section        0  lwesp_at_basic.o(i.lwesp_set_sleep_mode)
    i.lwesp_sys_at_get_sleep_mode            0x00001924   Section        0  lwesp_sys.o(i.lwesp_sys_at_get_sleep_mode)
    i.lwesp_sys_at_get_version               0x00001984   Section        0  lwesp_sys.o(i.lwesp_sys_at_get_version)
    i.lwesp_sys_init                         0x00001a30   Section        0  lwesp_sys.o(i.lwesp_sys_init)
    i.lwesp_sys_resp_callback                0x00001a80   Section        0  lwesp_at_basic.o(i.lwesp_sys_resp_callback)
    i.lwesp_sys_send_command                 0x00001b24   Section        0  lwesp_sys.o(i.lwesp_sys_send_command)
    i.main                                   0x00001bc0   Section        0  main.o(i.main)
    i.prvAddCurrentTaskToDelayedList         0x00001cd4   Section        0  tasks.o(i.prvAddCurrentTaskToDelayedList)
    prvAddCurrentTaskToDelayedList           0x00001cd5   Thumb Code   124  tasks.o(i.prvAddCurrentTaskToDelayedList)
    i.prvAddNewTaskToReadyList               0x00001d6c   Section        0  tasks.o(i.prvAddNewTaskToReadyList)
    prvAddNewTaskToReadyList                 0x00001d6d   Thumb Code   156  tasks.o(i.prvAddNewTaskToReadyList)
    i.prvCheckForValidListAndQueue           0x00001e24   Section        0  timers.o(i.prvCheckForValidListAndQueue)
    prvCheckForValidListAndQueue             0x00001e25   Thumb Code    72  timers.o(i.prvCheckForValidListAndQueue)
    i.prvCheckTasksWaitingTermination        0x00001e88   Section        0  tasks.o(i.prvCheckTasksWaitingTermination)
    prvCheckTasksWaitingTermination          0x00001e89   Thumb Code    60  tasks.o(i.prvCheckTasksWaitingTermination)
    i.prvCopyDataFromQueue                   0x00001ed0   Section        0  queue.o(i.prvCopyDataFromQueue)
    prvCopyDataFromQueue                     0x00001ed1   Thumb Code    42  queue.o(i.prvCopyDataFromQueue)
    i.prvCopyDataToQueue                     0x00001efa   Section        0  queue.o(i.prvCopyDataToQueue)
    prvCopyDataToQueue                       0x00001efb   Thumb Code   124  queue.o(i.prvCopyDataToQueue)
    i.prvDeleteTCB                           0x00001f76   Section        0  tasks.o(i.prvDeleteTCB)
    prvDeleteTCB                             0x00001f77   Thumb Code    18  tasks.o(i.prvDeleteTCB)
    i.prvGetNextExpireTime                   0x00001f88   Section        0  timers.o(i.prvGetNextExpireTime)
    prvGetNextExpireTime                     0x00001f89   Thumb Code    36  timers.o(i.prvGetNextExpireTime)
    i.prvHeapInit                            0x00001fb0   Section        0  heap_2.o(i.prvHeapInit)
    prvHeapInit                              0x00001fb1   Thumb Code    42  heap_2.o(i.prvHeapInit)
    i.prvIdleTask                            0x00001fe8   Section        0  tasks.o(i.prvIdleTask)
    prvIdleTask                              0x00001fe9   Thumb Code    32  tasks.o(i.prvIdleTask)
    i.prvInitialiseNewQueue                  0x00002010   Section        0  queue.o(i.prvInitialiseNewQueue)
    prvInitialiseNewQueue                    0x00002011   Thumb Code    46  queue.o(i.prvInitialiseNewQueue)
    i.prvInitialiseNewTask                   0x0000203e   Section        0  tasks.o(i.prvInitialiseNewTask)
    prvInitialiseNewTask                     0x0000203f   Thumb Code   180  tasks.o(i.prvInitialiseNewTask)
    i.prvInitialiseTaskLists                 0x000020f4   Section        0  tasks.o(i.prvInitialiseTaskLists)
    prvInitialiseTaskLists                   0x000020f5   Thumb Code    70  tasks.o(i.prvInitialiseTaskLists)
    i.prvInsertTimerInActiveList             0x0000215c   Section        0  timers.o(i.prvInsertTimerInActiveList)
    prvInsertTimerInActiveList               0x0000215d   Thumb Code    80  timers.o(i.prvInsertTimerInActiveList)
    i.prvIsQueueEmpty                        0x000021b4   Section        0  queue.o(i.prvIsQueueEmpty)
    prvIsQueueEmpty                          0x000021b5   Thumb Code    26  queue.o(i.prvIsQueueEmpty)
    i.prvIsQueueFull                         0x000021ce   Section        0  queue.o(i.prvIsQueueFull)
    prvIsQueueFull                           0x000021cf   Thumb Code    30  queue.o(i.prvIsQueueFull)
    i.prvNotifyQueueSetContainer             0x000021ec   Section        0  queue.o(i.prvNotifyQueueSetContainer)
    prvNotifyQueueSetContainer               0x000021ed   Thumb Code   144  queue.o(i.prvNotifyQueueSetContainer)
    i.prvProcessExpiredTimer                 0x0000227c   Section        0  timers.o(i.prvProcessExpiredTimer)
    prvProcessExpiredTimer                   0x0000227d   Thumb Code    94  timers.o(i.prvProcessExpiredTimer)
    i.prvProcessReceivedCommands             0x000022e0   Section        0  timers.o(i.prvProcessReceivedCommands)
    prvProcessReceivedCommands               0x000022e1   Thumb Code   240  timers.o(i.prvProcessReceivedCommands)
    i.prvProcessTimerOrBlockTask             0x000023d4   Section        0  timers.o(i.prvProcessTimerOrBlockTask)
    prvProcessTimerOrBlockTask               0x000023d5   Thumb Code   102  timers.o(i.prvProcessTimerOrBlockTask)
    i.prvResetNextTaskUnblockTime            0x00002448   Section        0  tasks.o(i.prvResetNextTaskUnblockTime)
    prvResetNextTaskUnblockTime              0x00002449   Thumb Code    42  tasks.o(i.prvResetNextTaskUnblockTime)
    i.prvSampleTimeNow                       0x0000247c   Section        0  timers.o(i.prvSampleTimeNow)
    prvSampleTimeNow                         0x0000247d   Thumb Code    40  timers.o(i.prvSampleTimeNow)
    i.prvSwitchTimerLists                    0x000024a8   Section        0  timers.o(i.prvSwitchTimerLists)
    prvSwitchTimerLists                      0x000024a9   Thumb Code   150  timers.o(i.prvSwitchTimerLists)
    i.prvTaskExitError                       0x00002548   Section        0  port.o(i.prvTaskExitError)
    prvTaskExitError                         0x00002549   Thumb Code    60  port.o(i.prvTaskExitError)
    i.prvTimerTask                           0x00002588   Section        0  timers.o(i.prvTimerTask)
    prvTimerTask                             0x00002589   Thumb Code    26  timers.o(i.prvTimerTask)
    i.prvUnlockQueue                         0x000025a2   Section        0  queue.o(i.prvUnlockQueue)
    prvUnlockQueue                           0x000025a3   Thumb Code   146  queue.o(i.prvUnlockQueue)
    i.pvPortMalloc                           0x00002634   Section        0  heap_2.o(i.pvPortMalloc)
    i.pxPortInitialiseStack                  0x000026ec   Section        0  port.o(i.pxPortInitialiseStack)
    i.setupGpio                              0x00002718   Section        0  main.o(i.setupGpio)
    i.setupSystemClock                       0x00002760   Section        0  main.o(i.setupSystemClock)
    i.setupUart                              0x000027e8   Section        0  main.o(i.setupUart)
    i.setupUartClock                         0x00002804   Section        0  main.o(i.setupUartClock)
    i.setupUartMultifunction                 0x00002830   Section        0  main.o(i.setupUartMultifunction)
    i.stackDump                              0x0000284c   Section        0  retarget.o(i.stackDump)
    stackDump                                0x0000284d   Thumb Code    70  retarget.o(i.stackDump)
    i.uxListRemove                           0x000028f4   Section        0  list.o(i.uxListRemove)
    i.vCheckTask                             0x0000291c   Section        0  main.o(i.vCheckTask)
    i.vListInitialise                        0x0000293c   Section        0  list.o(i.vListInitialise)
    i.vListInitialiseItem                    0x00002956   Section        0  list.o(i.vListInitialiseItem)
    i.vListInsert                            0x0000295c   Section        0  list.o(i.vListInsert)
    i.vListInsertEnd                         0x00002990   Section        0  list.o(i.vListInsertEnd)
    i.vPortEnterCritical                     0x000029a8   Section        0  port.o(i.vPortEnterCritical)
    i.vPortExitCritical                      0x000029fc   Section        0  port.o(i.vPortExitCritical)
    i.vPortFree                              0x00002a38   Section        0  heap_2.o(i.vPortFree)
    i.vPortSetupTimerInterrupt               0x00002a78   Section        0  port.o(i.vPortSetupTimerInterrupt)
    i.vPortValidateInterruptPriority         0x00002aa0   Section        0  port.o(i.vPortValidateInterruptPriority)
    i.vQueueAddToRegistry                    0x00002b18   Section        0  queue.o(i.vQueueAddToRegistry)
    i.vQueueWaitForMessageRestricted         0x00002b44   Section        0  queue.o(i.vQueueWaitForMessageRestricted)
    i.vRxHandlerTask                         0x00002b90   Section        0  lwesp_sys.o(i.vRxHandlerTask)
    i.vTaskDelay                             0x00002c08   Section        0  tasks.o(i.vTaskDelay)
    i.vTaskInternalSetTimeOutState           0x00002c64   Section        0  tasks.o(i.vTaskInternalSetTimeOutState)
    i.vTaskMissedYield                       0x00002c7c   Section        0  tasks.o(i.vTaskMissedYield)
    i.vTaskPlaceOnEventList                  0x00002c88   Section        0  tasks.o(i.vTaskPlaceOnEventList)
    i.vTaskPlaceOnEventListRestricted        0x00002cc0   Section        0  tasks.o(i.vTaskPlaceOnEventListRestricted)
    i.vTaskStartScheduler                    0x00002d00   Section        0  tasks.o(i.vTaskStartScheduler)
    i.vTaskSuspendAll                        0x00002d94   Section        0  tasks.o(i.vTaskSuspendAll)
    i.vTaskSwitchContext                     0x00002da4   Section        0  tasks.o(i.vTaskSwitchContext)
    i.vWifiTask                              0x00002e30   Section        0  main.o(i.vWifiTask)
    i.writePin                               0x00002f88   Section        0  main.o(i.writePin)
    i.xPortStartScheduler                    0x00002f8c   Section        0  port.o(i.xPortStartScheduler)
    i.xQueueGenericCreate                    0x0000311c   Section        0  queue.o(i.xQueueGenericCreate)
    i.xQueueGenericReset                     0x00003174   Section        0  queue.o(i.xQueueGenericReset)
    i.xQueueGenericSend                      0x0000320c   Section        0  queue.o(i.xQueueGenericSend)
    i.xQueueGenericSendFromISR               0x000033d4   Section        0  queue.o(i.xQueueGenericSendFromISR)
    i.xQueueReceive                          0x000034dc   Section        0  queue.o(i.xQueueReceive)
    i.xTaskCheckForTimeOut                   0x00003644   Section        0  tasks.o(i.xTaskCheckForTimeOut)
    i.xTaskCreate                            0x000036d0   Section        0  tasks.o(i.xTaskCreate)
    i.xTaskGetSchedulerState                 0x00003730   Section        0  tasks.o(i.xTaskGetSchedulerState)
    i.xTaskGetTickCount                      0x00003750   Section        0  tasks.o(i.xTaskGetTickCount)
    i.xTaskIncrementTick                     0x0000375c   Section        0  tasks.o(i.xTaskIncrementTick)
    i.xTaskPriorityDisinherit                0x000038a4   Section        0  tasks.o(i.xTaskPriorityDisinherit)
    i.xTaskRemoveFromEventList               0x0000396c   Section        0  tasks.o(i.xTaskRemoveFromEventList)
    i.xTaskResumeAll                         0x00003a04   Section        0  tasks.o(i.xTaskResumeAll)
    i.xTimerCreateTimerTask                  0x00003b08   Section        0  timers.o(i.xTimerCreateTimerTask)
    i.xTimerGenericCommand                   0x00003b5c   Section        0  timers.o(i.xTimerGenericCommand)
    .constdata                               0x00003be0   Section       48  uart.o(.constdata)
    .data                                    0x20000000   Section        4  clk.o(.data)
    .data                                    0x20000004   Section       12  port.o(.data)
    uxCriticalNesting                        0x20000004   Data           4  port.o(.data)
    ucMaxSysCallPriority                     0x20000008   Data           1  port.o(.data)
    ulMaxPRIGROUPValue                       0x2000000c   Data           4  port.o(.data)
    .data                                    0x20000010   Section       60  tasks.o(.data)
    pxDelayedTaskList                        0x20000014   Data           4  tasks.o(.data)
    pxOverflowDelayedTaskList                0x20000018   Data           4  tasks.o(.data)
    uxDeletedTasksWaitingCleanUp             0x2000001c   Data           4  tasks.o(.data)
    uxCurrentNumberOfTasks                   0x20000020   Data           4  tasks.o(.data)
    xTickCount                               0x20000024   Data           4  tasks.o(.data)
    uxTopReadyPriority                       0x20000028   Data           4  tasks.o(.data)
    xSchedulerRunning                        0x2000002c   Data           4  tasks.o(.data)
    uxPendedTicks                            0x20000030   Data           4  tasks.o(.data)
    xYieldPending                            0x20000034   Data           4  tasks.o(.data)
    xNumOfOverflows                          0x20000038   Data           4  tasks.o(.data)
    uxTaskNumber                             0x2000003c   Data           4  tasks.o(.data)
    xNextTaskUnblockTime                     0x20000040   Data           4  tasks.o(.data)
    xIdleTaskHandle                          0x20000044   Data           4  tasks.o(.data)
    uxSchedulerSuspended                     0x20000048   Data           4  tasks.o(.data)
    .data                                    0x2000004c   Section       20  timers.o(.data)
    pxCurrentTimerList                       0x2000004c   Data           4  timers.o(.data)
    pxOverflowTimerList                      0x20000050   Data           4  timers.o(.data)
    xTimerQueue                              0x20000054   Data           4  timers.o(.data)
    xTimerTaskHandle                         0x20000058   Data           4  timers.o(.data)
    xLastTime                                0x2000005c   Data           4  timers.o(.data)
    .data                                    0x20000060   Section       24  heap_2.o(.data)
    xStart                                   0x20000060   Data           8  heap_2.o(.data)
    xEnd                                     0x20000068   Data           8  heap_2.o(.data)
    xFreeBytesRemaining                      0x20000070   Data           4  heap_2.o(.data)
    xHeapHasBeenInitialised                  0x20000074   Data           4  heap_2.o(.data)
    .data                                    0x20000078   Section       24  lwesp_ll_m480.o(.data)
    ll_uart_t                                0x20000078   Data          24  lwesp_ll_m480.o(.data)
    .data                                    0x20000090   Section     1090  lwesp_at_basic.o(.data)
    lwesp_at_resp_flag                       0x20000090   Data           1  lwesp_at_basic.o(.data)
    basic_at_test_p                          0x20000091   Data         121  lwesp_at_basic.o(.data)
    basic_at_reset_p                         0x2000010a   Data         121  lwesp_at_basic.o(.data)
    basic_at_version_p                       0x20000183   Data         121  lwesp_at_basic.o(.data)
    basic_at_deep_slee_p                     0x200001fc   Data         121  lwesp_at_basic.o(.data)
    basic_at_echo_p                          0x20000275   Data         121  lwesp_at_basic.o(.data)
    basic_at_restore_p                       0x200002ee   Data         121  lwesp_at_basic.o(.data)
    basic_at_check_sleep_mode_p              0x20000367   Data         121  lwesp_at_basic.o(.data)
    basic_at_set_sleep_mode_p                0x200003e0   Data         121  lwesp_at_basic.o(.data)
    basic_at_set_rf_power_p                  0x20000459   Data         121  lwesp_at_basic.o(.data)
    .data                                    0x200004d4   Section        8  retarget.o(.data)
    .data                                    0x200004dc   Section       44  system_m480.o(.data)
    .data                                    0x20000508   Section        4  strtok_r.o(.data)
    state                                    0x20000508   Data           4  strtok_r.o(.data)
    .bss                                     0x2000050c   Section       64  queue.o(.bss)
    .bss                                     0x2000054c   Section      200  tasks.o(.bss)
    pxReadyTasksLists                        0x2000054c   Data         100  tasks.o(.bss)
    xDelayedTaskList1                        0x200005b0   Data          20  tasks.o(.bss)
    xDelayedTaskList2                        0x200005c4   Data          20  tasks.o(.bss)
    xPendingReadyList                        0x200005d8   Data          20  tasks.o(.bss)
    xTasksWaitingTermination                 0x200005ec   Data          20  tasks.o(.bss)
    xSuspendedTaskList                       0x20000600   Data          20  tasks.o(.bss)
    .bss                                     0x20000614   Section       40  timers.o(.bss)
    xActiveTimerList1                        0x20000614   Data          20  timers.o(.bss)
    xActiveTimerList2                        0x20000628   Data          20  timers.o(.bss)
    .bss                                     0x2000063c   Section    24576  heap_2.o(.bss)
    ucHeap                                   0x2000063c   Data       24576  heap_2.o(.bss)
    .bss                                     0x2000663c   Section     2360  lwesp_sys.o(.bss)
    lwesp_queue_rx                           0x2000663c   Data         268  lwesp_sys.o(.bss)
    lwesp_sys                                0x20006748   Data          44  lwesp_sys.o(.bss)
    lwesp_response_buffer                    0x20006b74   Data        1024  lwesp_sys.o(.bss)
    STACK                                    0x20006f78   Section     2048  startup_m480.o(STACK)

    Global Symbols

    Symbol Name                              Value     Ov Type        Size  Object(Section)

    BuildAttributes$$THM_ISAv4$E$P$D$K$B$S$7EM$VFPi3$EXTD16$VFPS$VFMA$PE$A:L22UL41UL21$X:L11$S22US41US21$IEEE1$IW$USESV6$~STKCKD$USESV7$~SHL$OSPACE$ROPI$EBA8$MICROLIB$REQ8$PRES8$EABIv2 0x00000000   Number         0  anon$$obj.o ABSOLUTE
    __ARM_use_no_argv                        0x00000000   Number         0  main.o ABSOLUTE
    __Vectors                                0x00000000   Data           4  startup_m480.o(RESET)
    _printf_a                                0x00000000   Number         0  stubs.o ABSOLUTE
    _printf_c                                0x00000000   Number         0  stubs.o ABSOLUTE
    _printf_charcount                        0x00000000   Number         0  stubs.o ABSOLUTE
    _printf_d                                0x00000000   Number         0  stubs.o ABSOLUTE
    _printf_e                                0x00000000   Number         0  stubs.o ABSOLUTE
    _printf_f                                0x00000000   Number         0  stubs.o ABSOLUTE
    _printf_flags                            0x00000000   Number         0  stubs.o ABSOLUTE
    _printf_fp_dec                           0x00000000   Number         0  stubs.o ABSOLUTE
    _printf_fp_hex                           0x00000000   Number         0  stubs.o ABSOLUTE
    _printf_g                                0x00000000   Number         0  stubs.o ABSOLUTE
    _printf_i                                0x00000000   Number         0  stubs.o ABSOLUTE
    _printf_int_dec                          0x00000000   Number         0  stubs.o ABSOLUTE
    _printf_l                                0x00000000   Number         0  stubs.o ABSOLUTE
    _printf_lc                               0x00000000   Number         0  stubs.o ABSOLUTE
    _printf_ll                               0x00000000   Number         0  stubs.o ABSOLUTE
    _printf_lld                              0x00000000   Number         0  stubs.o ABSOLUTE
    _printf_lli                              0x00000000   Number         0  stubs.o ABSOLUTE
    _printf_llo                              0x00000000   Number         0  stubs.o ABSOLUTE
    _printf_llu                              0x00000000   Number         0  stubs.o ABSOLUTE
    _printf_llx                              0x00000000   Number         0  stubs.o ABSOLUTE
    _printf_longlong_dec                     0x00000000   Number         0  stubs.o ABSOLUTE
    _printf_longlong_hex                     0x00000000   Number         0  stubs.o ABSOLUTE
    _printf_longlong_oct                     0x00000000   Number         0  stubs.o ABSOLUTE
    _printf_ls                               0x00000000   Number         0  stubs.o ABSOLUTE
    _printf_mbtowc                           0x00000000   Number         0  stubs.o ABSOLUTE
    _printf_n                                0x00000000   Number         0  stubs.o ABSOLUTE
    _printf_o                                0x00000000   Number         0  stubs.o ABSOLUTE
    _printf_p                                0x00000000   Number         0  stubs.o ABSOLUTE
    _printf_percent                          0x00000000   Number         0  stubs.o ABSOLUTE
    _printf_pre_padding                      0x00000000   Number         0  stubs.o ABSOLUTE
    _printf_return_value                     0x00000000   Number         0  stubs.o ABSOLUTE
    _printf_s                                0x00000000   Number         0  stubs.o ABSOLUTE
    _printf_sizespec                         0x00000000   Number         0  stubs.o ABSOLUTE
    _printf_str                              0x00000000   Number         0  stubs.o ABSOLUTE
    _printf_truncate_signed                  0x00000000   Number         0  stubs.o ABSOLUTE
    _printf_truncate_unsigned                0x00000000   Number         0  stubs.o ABSOLUTE
    _printf_u                                0x00000000   Number         0  stubs.o ABSOLUTE
    _printf_wc                               0x00000000   Number         0  stubs.o ABSOLUTE
    _printf_wctomb                           0x00000000   Number         0  stubs.o ABSOLUTE
    _printf_widthprec                        0x00000000   Number         0  stubs.o ABSOLUTE
    _printf_x                                0x00000000   Number         0  stubs.o ABSOLUTE
    __cpp_initialize__aeabi_                  - Undefined Weak Reference
    __cxa_finalize                            - Undefined Weak Reference
    _clock_init                               - Undefined Weak Reference
    _microlib_exit                            - Undefined Weak Reference
    __Vectors_End                            0x000001f4   Data           0  startup_m480.o(RESET)
    __Vectors_Size                           0x000001f4   Number         0  startup_m480.o ABSOLUTE
    __main                                   0x000001f5   Thumb Code     0  entry.o(.ARM.Collect$$$$00000000)
    _main_stk                                0x000001f5   Thumb Code     0  entry2.o(.ARM.Collect$$$$00000001)
    _main_scatterload                        0x000001f9   Thumb Code     0  entry5.o(.ARM.Collect$$$$00000004)
    __main_after_scatterload                 0x000001fd   Thumb Code     0  entry5.o(.ARM.Collect$$$$00000004)
    _main_clock                              0x000001fd   Thumb Code     0  entry7b.o(.ARM.Collect$$$$00000008)
    _main_cpp_init                           0x000001fd   Thumb Code     0  entry8b.o(.ARM.Collect$$$$0000000A)
    _main_init                               0x000001fd   Thumb Code     0  entry9a.o(.ARM.Collect$$$$0000000B)
    __rt_final_cpp                           0x00000205   Thumb Code     0  entry10a.o(.ARM.Collect$$$$0000000D)
    __rt_final_exit                          0x00000205   Thumb Code     0  entry11a.o(.ARM.Collect$$$$0000000F)
    SVC_Handler                              0x00000209   Thumb Code    28  port.o(.emb_text)
    __asm___6_port_c_39a90d8d__prvStartFirstTask 0x00000229   Thumb Code    36  port.o(.emb_text)
    __asm___6_port_c_39a90d8d__prvEnableVFP  0x00000251   Thumb Code    16  port.o(.emb_text)
    PendSV_Handler                           0x00000265   Thumb Code    88  port.o(.emb_text)
    vPortGetIPSR                             0x000002c1   Thumb Code     6  port.o(.emb_text)
    HardFault_Handler                        0x000002c9   Thumb Code    24  retarget.o(.emb_text)
    Reset_Handler                            0x000002e5   Thumb Code    64  startup_m480.o(.text)
    NMI_Handler                              0x00000325   Thumb Code     2  startup_m480.o(.text)
    MemManage_Handler                        0x00000329   Thumb Code     2  startup_m480.o(.text)
    BusFault_Handler                         0x0000032b   Thumb Code     2  startup_m480.o(.text)
    UsageFault_Handler                       0x0000032d   Thumb Code     2  startup_m480.o(.text)
    DebugMon_Handler                         0x00000331   Thumb Code     2  startup_m480.o(.text)
    ACMP01_IRQHandler                        0x00000337   Thumb Code     0  startup_m480.o(.text)
    BOD_IRQHandler                           0x00000337   Thumb Code     0  startup_m480.o(.text)
    BPWM0_IRQHandler                         0x00000337   Thumb Code     0  startup_m480.o(.text)
    BPWM1_IRQHandler                         0x00000337   Thumb Code     0  startup_m480.o(.text)
    BRAKE0_IRQHandler                        0x00000337   Thumb Code     0  startup_m480.o(.text)
    BRAKE1_IRQHandler                        0x00000337   Thumb Code     0  startup_m480.o(.text)
    CAN0_IRQHandler                          0x00000337   Thumb Code     0  startup_m480.o(.text)
    CAN1_IRQHandler                          0x00000337   Thumb Code     0  startup_m480.o(.text)
    CAN2_IRQHandler                          0x00000337   Thumb Code     0  startup_m480.o(.text)
    CCAP_IRQHandler                          0x00000337   Thumb Code     0  startup_m480.o(.text)
    CKFAIL_IRQHandler                        0x00000337   Thumb Code     0  startup_m480.o(.text)
    CRYPTO_IRQHandler                        0x00000337   Thumb Code     0  startup_m480.o(.text)
    DAC_IRQHandler                           0x00000337   Thumb Code     0  startup_m480.o(.text)
    EADC00_IRQHandler                        0x00000337   Thumb Code     0  startup_m480.o(.text)
    EADC01_IRQHandler                        0x00000337   Thumb Code     0  startup_m480.o(.text)
    EADC02_IRQHandler                        0x00000337   Thumb Code     0  startup_m480.o(.text)
    EADC03_IRQHandler                        0x00000337   Thumb Code     0  startup_m480.o(.text)
    EADC10_IRQHandler                        0x00000337   Thumb Code     0  startup_m480.o(.text)
    EADC11_IRQHandler                        0x00000337   Thumb Code     0  startup_m480.o(.text)
    EADC12_IRQHandler                        0x00000337   Thumb Code     0  startup_m480.o(.text)
    EADC13_IRQHandler                        0x00000337   Thumb Code     0  startup_m480.o(.text)
    ECAP0_IRQHandler                         0x00000337   Thumb Code     0  startup_m480.o(.text)
    ECAP1_IRQHandler                         0x00000337   Thumb Code     0  startup_m480.o(.text)
    EHCI_IRQHandler                          0x00000337   Thumb Code     0  startup_m480.o(.text)
    EINT0_IRQHandler                         0x00000337   Thumb Code     0  startup_m480.o(.text)
    EINT1_IRQHandler                         0x00000337   Thumb Code     0  startup_m480.o(.text)
    EINT2_IRQHandler                         0x00000337   Thumb Code     0  startup_m480.o(.text)
    EINT3_IRQHandler                         0x00000337   Thumb Code     0  startup_m480.o(.text)
    EINT4_IRQHandler                         0x00000337   Thumb Code     0  startup_m480.o(.text)
    EINT5_IRQHandler                         0x00000337   Thumb Code     0  startup_m480.o(.text)
    EINT6_IRQHandler                         0x00000337   Thumb Code     0  startup_m480.o(.text)
    EINT7_IRQHandler                         0x00000337   Thumb Code     0  startup_m480.o(.text)
    EMAC_RX_IRQHandler                       0x00000337   Thumb Code     0  startup_m480.o(.text)
    EMAC_TX_IRQHandler                       0x00000337   Thumb Code     0  startup_m480.o(.text)
    EPWM0P0_IRQHandler                       0x00000337   Thumb Code     0  startup_m480.o(.text)
    EPWM0P1_IRQHandler                       0x00000337   Thumb Code     0  startup_m480.o(.text)
    EPWM0P2_IRQHandler                       0x00000337   Thumb Code     0  startup_m480.o(.text)
    EPWM1P0_IRQHandler                       0x00000337   Thumb Code     0  startup_m480.o(.text)
    EPWM1P1_IRQHandler                       0x00000337   Thumb Code     0  startup_m480.o(.text)
    EPWM1P2_IRQHandler                       0x00000337   Thumb Code     0  startup_m480.o(.text)
    GPA_IRQHandler                           0x00000337   Thumb Code     0  startup_m480.o(.text)
    GPB_IRQHandler                           0x00000337   Thumb Code     0  startup_m480.o(.text)
    GPC_IRQHandler                           0x00000337   Thumb Code     0  startup_m480.o(.text)
    GPD_IRQHandler                           0x00000337   Thumb Code     0  startup_m480.o(.text)
    GPE_IRQHandler                           0x00000337   Thumb Code     0  startup_m480.o(.text)
    GPF_IRQHandler                           0x00000337   Thumb Code     0  startup_m480.o(.text)
    GPG_IRQHandler                           0x00000337   Thumb Code     0  startup_m480.o(.text)
    GPH_IRQHandler                           0x00000337   Thumb Code     0  startup_m480.o(.text)
    I2C0_IRQHandler                          0x00000337   Thumb Code     0  startup_m480.o(.text)
    I2C1_IRQHandler                          0x00000337   Thumb Code     0  startup_m480.o(.text)
    I2C2_IRQHandler                          0x00000337   Thumb Code     0  startup_m480.o(.text)
    I2S0_IRQHandler                          0x00000337   Thumb Code     0  startup_m480.o(.text)
    IRC_IRQHandler                           0x00000337   Thumb Code     0  startup_m480.o(.text)
    OHCI_IRQHandler                          0x00000337   Thumb Code     0  startup_m480.o(.text)
    OPA0_IRQHandler                          0x00000337   Thumb Code     0  startup_m480.o(.text)
    PDMA_IRQHandler                          0x00000337   Thumb Code     0  startup_m480.o(.text)
    PWRWU_IRQHandler                         0x00000337   Thumb Code     0  startup_m480.o(.text)
    QEI0_IRQHandler                          0x00000337   Thumb Code     0  startup_m480.o(.text)
    QEI1_IRQHandler                          0x00000337   Thumb Code     0  startup_m480.o(.text)
    QSPI0_IRQHandler                         0x00000337   Thumb Code     0  startup_m480.o(.text)
    QSPI1_IRQHandler                         0x00000337   Thumb Code     0  startup_m480.o(.text)
    RAMPE_IRQHandler                         0x00000337   Thumb Code     0  startup_m480.o(.text)
    RTC_IRQHandler                           0x00000337   Thumb Code     0  startup_m480.o(.text)
    SC0_IRQHandler                           0x00000337   Thumb Code     0  startup_m480.o(.text)
    SC1_IRQHandler                           0x00000337   Thumb Code     0  startup_m480.o(.text)
    SC2_IRQHandler                           0x00000337   Thumb Code     0  startup_m480.o(.text)
    SDH0_IRQHandler                          0x00000337   Thumb Code     0  startup_m480.o(.text)
    SDH1_IRQHandler                          0x00000337   Thumb Code     0  startup_m480.o(.text)
    SPI0_IRQHandler                          0x00000337   Thumb Code     0  startup_m480.o(.text)
    SPI1_IRQHandler                          0x00000337   Thumb Code     0  startup_m480.o(.text)
    SPI2_IRQHandler                          0x00000337   Thumb Code     0  startup_m480.o(.text)
    SPI3_IRQHandler                          0x00000337   Thumb Code     0  startup_m480.o(.text)
    SPIM_IRQHandler                          0x00000337   Thumb Code     0  startup_m480.o(.text)
    TAMPER_IRQHandler                        0x00000337   Thumb Code     0  startup_m480.o(.text)
    TMR0_IRQHandler                          0x00000337   Thumb Code     0  startup_m480.o(.text)
    TMR1_IRQHandler                          0x00000337   Thumb Code     0  startup_m480.o(.text)
    TMR2_IRQHandler                          0x00000337   Thumb Code     0  startup_m480.o(.text)
    TMR3_IRQHandler                          0x00000337   Thumb Code     0  startup_m480.o(.text)
    TRNG_IRQHandler                          0x00000337   Thumb Code     0  startup_m480.o(.text)
    UART0_IRQHandler                         0x00000337   Thumb Code     0  startup_m480.o(.text)
    UART2_IRQHandler                         0x00000337   Thumb Code     0  startup_m480.o(.text)
    UART3_IRQHandler                         0x00000337   Thumb Code     0  startup_m480.o(.text)
    UART4_IRQHandler                         0x00000337   Thumb Code     0  startup_m480.o(.text)
    UART5_IRQHandler                         0x00000337   Thumb Code     0  startup_m480.o(.text)
    UART6_IRQHandler                         0x00000337   Thumb Code     0  startup_m480.o(.text)
    UART7_IRQHandler                         0x00000337   Thumb Code     0  startup_m480.o(.text)
    USBD20_IRQHandler                        0x00000337   Thumb Code     0  startup_m480.o(.text)
    USBD_IRQHandler                          0x00000337   Thumb Code     0  startup_m480.o(.text)
    USBOTG20_IRQHandler                      0x00000337   Thumb Code     0  startup_m480.o(.text)
    USBOTG_IRQHandler                        0x00000337   Thumb Code     0  startup_m480.o(.text)
    USCI0_IRQHandler                         0x00000337   Thumb Code     0  startup_m480.o(.text)
    USCI1_IRQHandler                         0x00000337   Thumb Code     0  startup_m480.o(.text)
    WDT_IRQHandler                           0x00000337   Thumb Code     0  startup_m480.o(.text)
    WWDT_IRQHandler                          0x00000337   Thumb Code     0  startup_m480.o(.text)
    __aeabi_memcpy                           0x0000034d   Thumb Code    36  memcpya.o(.text)
    __aeabi_memcpy4                          0x0000034d   Thumb Code     0  memcpya.o(.text)
    __aeabi_memcpy8                          0x0000034d   Thumb Code     0  memcpya.o(.text)
    __aeabi_memset                           0x00000371   Thumb Code    14  memseta.o(.text)
    __aeabi_memset4                          0x00000371   Thumb Code     0  memseta.o(.text)
    __aeabi_memset8                          0x00000371   Thumb Code     0  memseta.o(.text)
    __aeabi_memclr                           0x0000037f   Thumb Code     4  memseta.o(.text)
    __aeabi_memclr4                          0x0000037f   Thumb Code     0  memseta.o(.text)
    __aeabi_memclr8                          0x0000037f   Thumb Code     0  memseta.o(.text)
    _memset$wrapper                          0x00000383   Thumb Code    18  memseta.o(.text)
    strstr                                   0x00000395   Thumb Code    36  strstr.o(.text)
    strlen                                   0x000003b9   Thumb Code    14  strlen.o(.text)
    strtok_r                                 0x000003c9   Thumb Code    60  strtok_r.o(.text)
    strtok                                   0x00000405   Thumb Code     4  strtok_r.o(.text)
    __aeabi_uldivmod                         0x0000040d   Thumb Code    98  uldiv.o(.text)
    __scatterload                            0x00000471   Thumb Code    28  init.o(.text)
    __scatterload_rt2                        0x00000471   Thumb Code     0  init.o(.text)
    __aeabi_llsl                             0x00000495   Thumb Code    30  llshl.o(.text)
    _ll_shift_l                              0x00000495   Thumb Code     0  llshl.o(.text)
    __aeabi_llsr                             0x000004b3   Thumb Code    32  llushr.o(.text)
    _ll_ushift_r                             0x000004b3   Thumb Code     0  llushr.o(.text)
    __decompress                             0x000004d3   Thumb Code     0  __dczerorl2.o(.text)
    __decompress1                            0x000004d3   Thumb Code    86  __dczerorl2.o(.text)
    CLK_DisablePLL                           0x00000529   Thumb Code    18  clk.o(i.CLK_DisablePLL)
    CLK_EnableModuleClock                    0x00000541   Thumb Code    36  clk.o(i.CLK_EnableModuleClock)
    CLK_EnablePLL                            0x00000569   Thumb Code   374  clk.o(i.CLK_EnablePLL)
    CLK_EnableXtalRC                         0x000006fd   Thumb Code    16  clk.o(i.CLK_EnableXtalRC)
    CLK_GetPLLClockFreq                      0x00000711   Thumb Code   104  clk.o(i.CLK_GetPLLClockFreq)
    CLK_SetCoreClock                         0x00000785   Thumb Code   154  clk.o(i.CLK_SetCoreClock)
    CLK_SetHCLK                              0x00000829   Thumb Code   118  clk.o(i.CLK_SetHCLK)
    CLK_SetModuleClock                       0x000008a5   Thumb Code   206  clk.o(i.CLK_SetModuleClock)
    CLK_WaitClockReady                       0x00000979   Thumb Code    54  clk.o(i.CLK_WaitClockReady)
    GPIO_SetMode                             0x000009bd   Thumb Code    50  gpio.o(i.GPIO_SetMode)
    Hard_Fault_Handler                       0x000009f1   Thumb Code    18  retarget.o(i.Hard_Fault_Handler)
    LWESP_AWAIT_RESP                         0x00000a1d   Thumb Code    50  lwesp_at_basic.o(i.LWESP_AWAIT_RESP)
    SYS_ResetModule                          0x00000a55   Thumb Code    36  sys.o(i.SYS_ResetModule)
    SysTick_Handler                          0x00000ab9   Thumb Code    46  port.o(i.SysTick_Handler)
    SystemCoreClockUpdate                    0x00000aed   Thumb Code    74  system_m480.o(i.SystemCoreClockUpdate)
    SystemInit                               0x00000b51   Thumb Code   130  system_m480.o(i.SystemInit)
    UART1_IRQHandler                         0x00000be5   Thumb Code    56  lwesp_ll_m480.o(i.UART1_IRQHandler)
    UART_DisableFlowCtrl                     0x00000c25   Thumb Code    10  uart.o(i.UART_DisableFlowCtrl)
    UART_EnableInt                           0x00000c2f   Thumb Code     8  uart.o(i.UART_EnableInt)
    UART_Open                                0x00000c39   Thumb Code   368  uart.o(i.UART_Open)
    UART_Write                               0x00000dd5   Thumb Code    58  uart.o(i.UART_Write)
    __0printf$5                              0x00000e11   Thumb Code    22  printf5.o(i.__0printf$5)
    __1printf$5                              0x00000e11   Thumb Code     0  printf5.o(i.__0printf$5)
    __2printf                                0x00000e11   Thumb Code     0  printf5.o(i.__0printf$5)
    __0sprintf$5                             0x00000e31   Thumb Code    34  printf5.o(i.__0sprintf$5)
    __1sprintf$5                             0x00000e31   Thumb Code     0  printf5.o(i.__0sprintf$5)
    __2sprintf                               0x00000e31   Thumb Code     0  printf5.o(i.__0sprintf$5)
    __scatterload_copy                       0x00000e7b   Thumb Code    14  handlers.o(i.__scatterload_copy)
    __scatterload_null                       0x00000e89   Thumb Code     2  handlers.o(i.__scatterload_null)
    __scatterload_zeroinit                   0x00000e8b   Thumb Code    14  handlers.o(i.__scatterload_zeroinit)
    fputc                                    0x00001163   Thumb Code    16  retarget.o(i.fputc)
    lwesp_basic_init                         0x00001175   Thumb Code    16  lwesp_at_basic.o(i.lwesp_basic_init)
    lwesp_check_alive                        0x0000118d   Thumb Code    50  lwesp_at_basic.o(i.lwesp_check_alive)
    lwesp_check_sleep_mode                   0x000011c9   Thumb Code    74  lwesp_at_basic.o(i.lwesp_check_sleep_mode)
    lwesp_check_version                      0x0000121d   Thumb Code    74  lwesp_at_basic.o(i.lwesp_check_version)
    lwesp_enter_deep_sleep                   0x00001271   Thumb Code    64  lwesp_at_basic.o(i.lwesp_enter_deep_sleep)
    lwesp_init                               0x000012bd   Thumb Code    82  lwesp.o(i.lwesp_init)
    lwesp_ll_configure_pin                   0x00001335   Thumb Code    30  lwesp_ll_m480.o(i.lwesp_ll_configure_pin)
    lwesp_ll_configure_rx_callback           0x00001355   Thumb Code     8  lwesp_ll_m480.o(i.lwesp_ll_configure_rx_callback)
    lwesp_ll_configure_uart                  0x00001361   Thumb Code    24  lwesp_ll_m480.o(i.lwesp_ll_configure_uart)
    lwesp_ll_configure_uart_clock            0x0000137d   Thumb Code   464  lwesp_ll_m480.o(i.lwesp_ll_configure_uart_clock)
    lwesp_ll_configure_uart_irq              0x0000159d   Thumb Code   164  lwesp_ll_m480.o(i.lwesp_ll_configure_uart_irq)
    lwesp_ll_hard_reset                      0x00001665   Thumb Code    28  lwesp_ll_m480.o(i.lwesp_ll_hard_reset)
    lwesp_ll_init                            0x00001685   Thumb Code    26  lwesp_ll_m480.o(i.lwesp_ll_init)
    lwesp_ll_rx_handler_callback             0x000016b9   Thumb Code    28  lwesp_sys.o(i.lwesp_ll_rx_handler_callback)
    lwesp_ll_send_data                       0x000016d9   Thumb Code    34  lwesp_ll_m480.o(i.lwesp_ll_send_data)
    lwesp_queue_flush                        0x00001705   Thumb Code    34  lwesp_queue.o(i.lwesp_queue_flush)
    lwesp_queue_init                         0x00001727   Thumb Code    20  lwesp_queue.o(i.lwesp_queue_init)
    lwesp_queue_is_empty                     0x0000173b   Thumb Code    16  lwesp_queue.o(i.lwesp_queue_is_empty)
    lwesp_queue_is_full                      0x0000174b   Thumb Code    20  lwesp_queue.o(i.lwesp_queue_is_full)
    lwesp_queue_pop                          0x0000175f   Thumb Code    50  lwesp_queue.o(i.lwesp_queue_pop)
    lwesp_queue_push                         0x00001791   Thumb Code    48  lwesp_queue.o(i.lwesp_queue_push)
    lwesp_reset_chip                         0x000017c1   Thumb Code    52  lwesp_at_basic.o(i.lwesp_reset_chip)
    lwesp_restore_chip                       0x000017fd   Thumb Code    52  lwesp_at_basic.o(i.lwesp_restore_chip)
    lwesp_set_commands_echo                  0x00001839   Thumb Code    66  lwesp_at_basic.o(i.lwesp_set_commands_echo)
    lwesp_set_rf_power                       0x0000188d   Thumb Code    62  lwesp_at_basic.o(i.lwesp_set_rf_power)
    lwesp_set_sleep_mode                     0x000018d9   Thumb Code    62  lwesp_at_basic.o(i.lwesp_set_sleep_mode)
    lwesp_sys_at_get_sleep_mode              0x00001925   Thumb Code    72  lwesp_sys.o(i.lwesp_sys_at_get_sleep_mode)
    lwesp_sys_at_get_version                 0x00001985   Thumb Code   120  lwesp_sys.o(i.lwesp_sys_at_get_version)
    lwesp_sys_init                           0x00001a31   Thumb Code    42  lwesp_sys.o(i.lwesp_sys_init)
    lwesp_sys_resp_callback                  0x00001a81   Thumb Code    62  lwesp_at_basic.o(i.lwesp_sys_resp_callback)
    lwesp_sys_send_command                   0x00001b25   Thumb Code   130  lwesp_sys.o(i.lwesp_sys_send_command)
    main                                     0x00001bc1   Thumb Code   106  main.o(i.main)
    pvPortMalloc                             0x00002635   Thumb Code   166  heap_2.o(i.pvPortMalloc)
    pxPortInitialiseStack                    0x000026ed   Thumb Code    38  port.o(i.pxPortInitialiseStack)
    setupGpio                                0x00002719   Thumb Code    62  main.o(i.setupGpio)
    setupSystemClock                         0x00002761   Thumb Code   118  main.o(i.setupSystemClock)
    setupUart                                0x000027e9   Thumb Code    20  main.o(i.setupUart)
    setupUartClock                           0x00002805   Thumb Code    36  main.o(i.setupUartClock)
    setupUartMultifunction                   0x00002831   Thumb Code    28  main.o(i.setupUartMultifunction)
    uxListRemove                             0x000028f5   Thumb Code    40  list.o(i.uxListRemove)
    vCheckTask                               0x0000291d   Thumb Code    26  main.o(i.vCheckTask)
    vListInitialise                          0x0000293d   Thumb Code    26  list.o(i.vListInitialise)
    vListInitialiseItem                      0x00002957   Thumb Code     6  list.o(i.vListInitialiseItem)
    vListInsert                              0x0000295d   Thumb Code    52  list.o(i.vListInsert)
    vListInsertEnd                           0x00002991   Thumb Code    24  list.o(i.vListInsertEnd)
    vPortEnterCritical                       0x000029a9   Thumb Code    76  port.o(i.vPortEnterCritical)
    vPortExitCritical                        0x000029fd   Thumb Code    56  port.o(i.vPortExitCritical)
    vPortFree                                0x00002a39   Thumb Code    56  heap_2.o(i.vPortFree)
    vPortSetupTimerInterrupt                 0x00002a79   Thumb Code    36  port.o(i.vPortSetupTimerInterrupt)
    vPortValidateInterruptPriority           0x00002aa1   Thumb Code   106  port.o(i.vPortValidateInterruptPriority)
    vQueueAddToRegistry                      0x00002b19   Thumb Code    38  queue.o(i.vQueueAddToRegistry)
    vQueueWaitForMessageRestricted           0x00002b45   Thumb Code    74  queue.o(i.vQueueWaitForMessageRestricted)
    vRxHandlerTask                           0x00002b91   Thumb Code   104  lwesp_sys.o(i.vRxHandlerTask)
    vTaskDelay                               0x00002c09   Thumb Code    82  tasks.o(i.vTaskDelay)
    vTaskInternalSetTimeOutState             0x00002c65   Thumb Code    14  tasks.o(i.vTaskInternalSetTimeOutState)
    vTaskMissedYield                         0x00002c7d   Thumb Code     8  tasks.o(i.vTaskMissedYield)
    vTaskPlaceOnEventList                    0x00002c89   Thumb Code    52  tasks.o(i.vTaskPlaceOnEventList)
    vTaskPlaceOnEventListRestricted          0x00002cc1   Thumb Code    60  tasks.o(i.vTaskPlaceOnEventListRestricted)
    vTaskStartScheduler                      0x00002d01   Thumb Code   118  tasks.o(i.vTaskStartScheduler)
    vTaskSuspendAll                          0x00002d95   Thumb Code    12  tasks.o(i.vTaskSuspendAll)
    vTaskSwitchContext                       0x00002da5   Thumb Code   118  tasks.o(i.vTaskSwitchContext)
    vWifiTask                                0x00002e31   Thumb Code   156  main.o(i.vWifiTask)
    writePin                                 0x00002f89   Thumb Code     4  main.o(i.writePin)
    xPortStartScheduler                      0x00002f8d   Thumb Code   372  port.o(i.xPortStartScheduler)
    xQueueGenericCreate                      0x0000311d   Thumb Code    88  queue.o(i.xQueueGenericCreate)
    xQueueGenericReset                       0x00003175   Thumb Code   146  queue.o(i.xQueueGenericReset)
    xQueueGenericSend                        0x0000320d   Thumb Code   452  queue.o(i.xQueueGenericSend)
    xQueueGenericSendFromISR                 0x000033d5   Thumb Code   264  queue.o(i.xQueueGenericSendFromISR)
    xQueueReceive                            0x000034dd   Thumb Code   356  queue.o(i.xQueueReceive)
    xTaskCheckForTimeOut                     0x00003645   Thumb Code   132  tasks.o(i.xTaskCheckForTimeOut)
    xTaskCreate                              0x000036d1   Thumb Code    96  tasks.o(i.xTaskCreate)
    xTaskGetSchedulerState                   0x00003731   Thumb Code    24  tasks.o(i.xTaskGetSchedulerState)
    xTaskGetTickCount                        0x00003751   Thumb Code     6  tasks.o(i.xTaskGetTickCount)
    xTaskIncrementTick                       0x0000375d   Thumb Code   282  tasks.o(i.xTaskIncrementTick)
    xTaskPriorityDisinherit                  0x000038a5   Thumb Code   188  tasks.o(i.xTaskPriorityDisinherit)
    xTaskRemoveFromEventList                 0x0000396d   Thumb Code   128  tasks.o(i.xTaskRemoveFromEventList)
    xTaskResumeAll                           0x00003a05   Thumb Code   224  tasks.o(i.xTaskResumeAll)
    xTimerCreateTimerTask                    0x00003b09   Thumb Code    64  timers.o(i.xTimerCreateTimerTask)
    xTimerGenericCommand                     0x00003b5d   Thumb Code   126  timers.o(i.xTimerGenericCommand)
    Region$$Table$$Base                      0x00003c10   Number         0  anon$$obj.o(Region$$Table)
    Region$$Table$$Limit                     0x00003c30   Number         0  anon$$obj.o(Region$$Table)
    g_CLK_i32ErrCode                         0x20000000   Data           4  clk.o(.data)
    pxCurrentTCB                             0x20000010   Data           4  tasks.o(.data)
    __stdout                                 0x200004d4   Data           4  retarget.o(.data)
    __stdin                                  0x200004d8   Data           4  retarget.o(.data)
    SystemCoreClock                          0x200004dc   Data           4  system_m480.o(.data)
    CyclesPerUs                              0x200004e0   Data           4  system_m480.o(.data)
    PllClock                                 0x200004e4   Data           4  system_m480.o(.data)
    gau32ClkSrcTbl                           0x200004e8   Data          32  system_m480.o(.data)
    xQueueRegistry                           0x2000050c   Data          64  queue.o(.bss)
    lwesp_sys_tx_buffer                      0x20006774   Data        1024  lwesp_sys.o(.bss)
    __initial_sp                             0x20007778   Data           0  startup_m480.o(STACK)



==============================================================================

Memory Map of the image

  Image Entry point : 0x000001f5

  Load Region LR_IROM1 (Base: 0x00000000, Size: 0x0000413c, Max: 0x00080000, ABSOLUTE, COMPRESSED[0x00003cc4])

    Execution Region ER_IROM1 (Exec base: 0x00000000, Load base: 0x00000000, Size: 0x00003c30, Max: 0x00080000, ABSOLUTE)

    Exec Addr    Load Addr    Size         Type   Attr      Idx    E Section Name        Object

    0x00000000   0x00000000   0x000001f4   Data   RO         2470    RESET               startup_m480.o
    0x000001f4   0x000001f4   0x00000000   Code   RO         2515  * .ARM.Collect$$$$00000000  mc_w.l(entry.o)
    0x000001f4   0x000001f4   0x00000004   Code   RO         2795    .ARM.Collect$$$$00000001  mc_w.l(entry2.o)
    0x000001f8   0x000001f8   0x00000004   Code   RO         2798    .ARM.Collect$$$$00000004  mc_w.l(entry5.o)
    0x000001fc   0x000001fc   0x00000000   Code   RO         2800    .ARM.Collect$$$$00000008  mc_w.l(entry7b.o)
    0x000001fc   0x000001fc   0x00000000   Code   RO         2802    .ARM.Collect$$$$0000000A  mc_w.l(entry8b.o)
    0x000001fc   0x000001fc   0x00000008   Code   RO         2803    .ARM.Collect$$$$0000000B  mc_w.l(entry9a.o)
    0x00000204   0x00000204   0x00000000   Code   RO         2805    .ARM.Collect$$$$0000000D  mc_w.l(entry10a.o)
    0x00000204   0x00000204   0x00000000   Code   RO         2807    .ARM.Collect$$$$0000000F  mc_w.l(entry11a.o)
    0x00000204   0x00000204   0x00000004   Code   RO         2796    .ARM.Collect$$$$00002712  mc_w.l(entry2.o)
    0x00000208   0x00000208   0x000000be   Code   RO         1027    .emb_text           port.o
    0x000002c6   0x000002c6   0x00000002   PAD
    0x000002c8   0x000002c8   0x0000001c   Code   RO         2380    .emb_text           retarget.o
    0x000002e4   0x000002e4   0x00000068   Code   RO         2471    .text               startup_m480.o
    0x0000034c   0x0000034c   0x00000024   Code   RO         2518    .text               mc_w.l(memcpya.o)
    0x00000370   0x00000370   0x00000024   Code   RO         2520    .text               mc_w.l(memseta.o)
    0x00000394   0x00000394   0x00000024   Code   RO         2522    .text               mc_w.l(strstr.o)
    0x000003b8   0x000003b8   0x0000000e   Code   RO         2524    .text               mc_w.l(strlen.o)
    0x000003c6   0x000003c6   0x00000002   PAD
    0x000003c8   0x000003c8   0x00000044   Code   RO         2529    .text               mc_w.l(strtok_r.o)
    0x0000040c   0x0000040c   0x00000062   Code   RO         2811    .text               mc_w.l(uldiv.o)
    0x0000046e   0x0000046e   0x00000002   PAD
    0x00000470   0x00000470   0x00000024   Code   RO         2824    .text               mc_w.l(init.o)
    0x00000494   0x00000494   0x0000001e   Code   RO         2826    .text               mc_w.l(llshl.o)
    0x000004b2   0x000004b2   0x00000020   Code   RO         2828    .text               mc_w.l(llushr.o)
    0x000004d2   0x000004d2   0x00000056   Code   RO         2842    .text               mc_w.l(__dczerorl2.o)
    0x00000528   0x00000528   0x00000018   Code   RO          553    i.CLK_DisablePLL    clk.o
    0x00000540   0x00000540   0x00000028   Code   RO          558    i.CLK_EnableModuleClock  clk.o
    0x00000568   0x00000568   0x00000194   Code   RO          559    i.CLK_EnablePLL     clk.o
    0x000006fc   0x000006fc   0x00000014   Code   RO          562    i.CLK_EnableXtalRC  clk.o
    0x00000710   0x00000710   0x00000074   Code   RO          571    i.CLK_GetPLLClockFreq  clk.o
    0x00000784   0x00000784   0x000000a4   Code   RO          575    i.CLK_SetCoreClock  clk.o
    0x00000828   0x00000828   0x0000007c   Code   RO          576    i.CLK_SetHCLK       clk.o
    0x000008a4   0x000008a4   0x000000d4   Code   RO          577    i.CLK_SetModuleClock  clk.o
    0x00000978   0x00000978   0x00000044   Code   RO          580    i.CLK_WaitClockReady  clk.o
    0x000009bc   0x000009bc   0x00000032   Code   RO          762    i.GPIO_SetMode      gpio.o
    0x000009ee   0x000009ee   0x00000002   PAD
    0x000009f0   0x000009f0   0x0000002c   Code   RO         2382    i.Hard_Fault_Handler  retarget.o
    0x00000a1c   0x00000a1c   0x00000038   Code   RO         2181    i.LWESP_AWAIT_RESP  lwesp_at_basic.o
    0x00000a54   0x00000a54   0x00000028   Code   RO          456    i.SYS_ResetModule   sys.o
    0x00000a7c   0x00000a7c   0x0000000c   Code   RO         2384    i.SendChar          retarget.o
    0x00000a88   0x00000a88   0x00000030   Code   RO         2385    i.SendChar_ToUART   retarget.o
    0x00000ab8   0x00000ab8   0x00000034   Code   RO         1028    i.SysTick_Handler   port.o
    0x00000aec   0x00000aec   0x00000064   Code   RO         2478    i.SystemCoreClockUpdate  system_m480.o
    0x00000b50   0x00000b50   0x00000094   Code   RO         2479    i.SystemInit        system_m480.o
    0x00000be4   0x00000be4   0x00000040   Code   RO         2094    i.UART1_IRQHandler  lwesp_ll_m480.o
    0x00000c24   0x00000c24   0x0000000a   Code   RO          814    i.UART_DisableFlowCtrl  uart.o
    0x00000c2e   0x00000c2e   0x00000008   Code   RO          817    i.UART_EnableInt    uart.o
    0x00000c36   0x00000c36   0x00000002   PAD
    0x00000c38   0x00000c38   0x0000019c   Code   RO          818    i.UART_Open         uart.o
    0x00000dd4   0x00000dd4   0x0000003a   Code   RO          825    i.UART_Write        uart.o
    0x00000e0e   0x00000e0e   0x00000002   PAD
    0x00000e10   0x00000e10   0x00000020   Code   RO         2667    i.__0printf$5       mc_w.l(printf5.o)
    0x00000e30   0x00000e30   0x00000028   Code   RO         2669    i.__0sprintf$5      mc_w.l(printf5.o)
    0x00000e58   0x00000e58   0x00000022   Code   RO         2095    i.__NVIC_EnableIRQ  lwesp_ll_m480.o
    0x00000e7a   0x00000e7a   0x0000000e   Code   RO         2836    i.__scatterload_copy  mc_w.l(handlers.o)
    0x00000e88   0x00000e88   0x00000002   Code   RO         2837    i.__scatterload_null  mc_w.l(handlers.o)
    0x00000e8a   0x00000e8a   0x0000000e   Code   RO         2838    i.__scatterload_zeroinit  mc_w.l(handlers.o)
    0x00000e98   0x00000e98   0x000002c0   Code   RO         2674    i._printf_core      mc_w.l(printf5.o)
    0x00001158   0x00001158   0x0000000a   Code   RO         2676    i._sputc            mc_w.l(printf5.o)
    0x00001162   0x00001162   0x00000010   Code   RO         2389    i.fputc             retarget.o
    0x00001172   0x00001172   0x00000002   PAD
    0x00001174   0x00001174   0x00000018   Code   RO         2182    i.lwesp_basic_init  lwesp_at_basic.o
    0x0000118c   0x0000118c   0x0000003c   Code   RO         2183    i.lwesp_check_alive  lwesp_at_basic.o
    0x000011c8   0x000011c8   0x00000054   Code   RO         2184    i.lwesp_check_sleep_mode  lwesp_at_basic.o
    0x0000121c   0x0000121c   0x00000054   Code   RO         2185    i.lwesp_check_version  lwesp_at_basic.o
    0x00001270   0x00001270   0x0000004c   Code   RO         2186    i.lwesp_enter_deep_sleep  lwesp_at_basic.o
    0x000012bc   0x000012bc   0x00000078   Code   RO         2054    i.lwesp_init        lwesp.o
    0x00001334   0x00001334   0x0000001e   Code   RO         2096    i.lwesp_ll_configure_pin  lwesp_ll_m480.o
    0x00001352   0x00001352   0x00000002   PAD
    0x00001354   0x00001354   0x0000000c   Code   RO         2097    i.lwesp_ll_configure_rx_callback  lwesp_ll_m480.o
    0x00001360   0x00001360   0x0000001c   Code   RO         2098    i.lwesp_ll_configure_uart  lwesp_ll_m480.o
    0x0000137c   0x0000137c   0x00000220   Code   RO         2099    i.lwesp_ll_configure_uart_clock  lwesp_ll_m480.o
    0x0000159c   0x0000159c   0x000000c8   Code   RO         2100    i.lwesp_ll_configure_uart_irq  lwesp_ll_m480.o
    0x00001664   0x00001664   0x00000020   Code   RO         2101    i.lwesp_ll_hard_reset  lwesp_ll_m480.o
    0x00001684   0x00001684   0x00000034   Code   RO         2102    i.lwesp_ll_init     lwesp_ll_m480.o
    0x000016b8   0x000016b8   0x00000020   Code   RO         2277    i.lwesp_ll_rx_handler_callback  lwesp_sys.o
    0x000016d8   0x000016d8   0x0000002c   Code   RO         2103    i.lwesp_ll_send_data  lwesp_ll_m480.o
    0x00001704   0x00001704   0x00000022   Code   RO         2335    i.lwesp_queue_flush  lwesp_queue.o
    0x00001726   0x00001726   0x00000014   Code   RO         2336    i.lwesp_queue_init  lwesp_queue.o
    0x0000173a   0x0000173a   0x00000010   Code   RO         2337    i.lwesp_queue_is_empty  lwesp_queue.o
    0x0000174a   0x0000174a   0x00000014   Code   RO         2338    i.lwesp_queue_is_full  lwesp_queue.o
    0x0000175e   0x0000175e   0x00000032   Code   RO         2339    i.lwesp_queue_pop   lwesp_queue.o
    0x00001790   0x00001790   0x00000030   Code   RO         2340    i.lwesp_queue_push  lwesp_queue.o
    0x000017c0   0x000017c0   0x0000003c   Code   RO         2187    i.lwesp_reset_chip  lwesp_at_basic.o
    0x000017fc   0x000017fc   0x0000003c   Code   RO         2188    i.lwesp_restore_chip  lwesp_at_basic.o
    0x00001838   0x00001838   0x00000054   Code   RO         2189    i.lwesp_set_commands_echo  lwesp_at_basic.o
    0x0000188c   0x0000188c   0x0000004c   Code   RO         2190    i.lwesp_set_rf_power  lwesp_at_basic.o
    0x000018d8   0x000018d8   0x0000004c   Code   RO         2191    i.lwesp_set_sleep_mode  lwesp_at_basic.o
    0x00001924   0x00001924   0x00000060   Code   RO         2278    i.lwesp_sys_at_get_sleep_mode  lwesp_sys.o
    0x00001984   0x00001984   0x000000ac   Code   RO         2279    i.lwesp_sys_at_get_version  lwesp_sys.o
    0x00001a30   0x00001a30   0x00000050   Code   RO         2280    i.lwesp_sys_init    lwesp_sys.o
    0x00001a80   0x00001a80   0x000000a4   Code   RO         2192    i.lwesp_sys_resp_callback  lwesp_at_basic.o
    0x00001b24   0x00001b24   0x0000009c   Code   RO         2281    i.lwesp_sys_send_command  lwesp_sys.o
    0x00001bc0   0x00001bc0   0x00000114   Code   RO            4    i.main              main.o
    0x00001cd4   0x00001cd4   0x00000098   Code   RO         1477    i.prvAddCurrentTaskToDelayedList  tasks.o
    0x00001d6c   0x00001d6c   0x000000b8   Code   RO         1478    i.prvAddNewTaskToReadyList  tasks.o
    0x00001e24   0x00001e24   0x00000064   Code   RO         1842    i.prvCheckForValidListAndQueue  timers.o
    0x00001e88   0x00001e88   0x00000048   Code   RO         1479    i.prvCheckTasksWaitingTermination  tasks.o
    0x00001ed0   0x00001ed0   0x0000002a   Code   RO         1199    i.prvCopyDataFromQueue  queue.o
    0x00001efa   0x00001efa   0x0000007c   Code   RO         1200    i.prvCopyDataToQueue  queue.o
    0x00001f76   0x00001f76   0x00000012   Code   RO         1480    i.prvDeleteTCB      tasks.o
    0x00001f88   0x00001f88   0x00000028   Code   RO         1843    i.prvGetNextExpireTime  timers.o
    0x00001fb0   0x00001fb0   0x00000038   Code   RO         2000    i.prvHeapInit       heap_2.o
    0x00001fe8   0x00001fe8   0x00000028   Code   RO         1481    i.prvIdleTask       tasks.o
    0x00002010   0x00002010   0x0000002e   Code   RO         1203    i.prvInitialiseNewQueue  queue.o
    0x0000203e   0x0000203e   0x000000b4   Code   RO         1482    i.prvInitialiseNewTask  tasks.o
    0x000020f2   0x000020f2   0x00000002   PAD
    0x000020f4   0x000020f4   0x00000068   Code   RO         1483    i.prvInitialiseTaskLists  tasks.o
    0x0000215c   0x0000215c   0x00000058   Code   RO         1845    i.prvInsertTimerInActiveList  timers.o
    0x000021b4   0x000021b4   0x0000001a   Code   RO         1204    i.prvIsQueueEmpty   queue.o
    0x000021ce   0x000021ce   0x0000001e   Code   RO         1205    i.prvIsQueueFull    queue.o
    0x000021ec   0x000021ec   0x00000090   Code   RO         1206    i.prvNotifyQueueSetContainer  queue.o
    0x0000227c   0x0000227c   0x00000064   Code   RO         1846    i.prvProcessExpiredTimer  timers.o
    0x000022e0   0x000022e0   0x000000f4   Code   RO         1847    i.prvProcessReceivedCommands  timers.o
    0x000023d4   0x000023d4   0x00000074   Code   RO         1848    i.prvProcessTimerOrBlockTask  timers.o
    0x00002448   0x00002448   0x00000034   Code   RO         1485    i.prvResetNextTaskUnblockTime  tasks.o
    0x0000247c   0x0000247c   0x0000002c   Code   RO         1849    i.prvSampleTimeNow  timers.o
    0x000024a8   0x000024a8   0x000000a0   Code   RO         1850    i.prvSwitchTimerLists  timers.o
    0x00002548   0x00002548   0x00000040   Code   RO         1029    i.prvTaskExitError  port.o
    0x00002588   0x00002588   0x0000001a   Code   RO         1851    i.prvTimerTask      timers.o
    0x000025a2   0x000025a2   0x00000092   Code   RO         1207    i.prvUnlockQueue    queue.o
    0x00002634   0x00002634   0x000000b8   Code   RO         2001    i.pvPortMalloc      heap_2.o
    0x000026ec   0x000026ec   0x0000002c   Code   RO         1030    i.pxPortInitialiseStack  port.o
    0x00002718   0x00002718   0x00000048   Code   RO            5    i.setupGpio         main.o
    0x00002760   0x00002760   0x00000088   Code   RO            6    i.setupSystemClock  main.o
    0x000027e8   0x000027e8   0x0000001c   Code   RO            7    i.setupUart         main.o
    0x00002804   0x00002804   0x0000002c   Code   RO            8    i.setupUartClock    main.o
    0x00002830   0x00002830   0x0000001c   Code   RO            9    i.setupUartMultifunction  main.o
    0x0000284c   0x0000284c   0x000000a8   Code   RO         2391    i.stackDump         retarget.o
    0x000028f4   0x000028f4   0x00000028   Code   RO         1134    i.uxListRemove      list.o
    0x0000291c   0x0000291c   0x00000020   Code   RO           10    i.vCheckTask        main.o
    0x0000293c   0x0000293c   0x0000001a   Code   RO         1135    i.vListInitialise   list.o
    0x00002956   0x00002956   0x00000006   Code   RO         1136    i.vListInitialiseItem  list.o
    0x0000295c   0x0000295c   0x00000034   Code   RO         1137    i.vListInsert       list.o
    0x00002990   0x00002990   0x00000018   Code   RO         1138    i.vListInsertEnd    list.o
    0x000029a8   0x000029a8   0x00000054   Code   RO         1032    i.vPortEnterCritical  port.o
    0x000029fc   0x000029fc   0x0000003c   Code   RO         1033    i.vPortExitCritical  port.o
    0x00002a38   0x00002a38   0x00000040   Code   RO         2002    i.vPortFree         heap_2.o
    0x00002a78   0x00002a78   0x00000028   Code   RO         1034    i.vPortSetupTimerInterrupt  port.o
    0x00002aa0   0x00002aa0   0x00000078   Code   RO         1035    i.vPortValidateInterruptPriority  port.o
    0x00002b18   0x00002b18   0x0000002c   Code   RO         1213    i.vQueueAddToRegistry  queue.o
    0x00002b44   0x00002b44   0x0000004a   Code   RO         1217    i.vQueueWaitForMessageRestricted  queue.o
    0x00002b8e   0x00002b8e   0x00000002   PAD
    0x00002b90   0x00002b90   0x00000078   Code   RO         2282    i.vRxHandlerTask    lwesp_sys.o
    0x00002c08   0x00002c08   0x0000005c   Code   RO         1496    i.vTaskDelay        tasks.o
    0x00002c64   0x00002c64   0x00000018   Code   RO         1501    i.vTaskInternalSetTimeOutState  tasks.o
    0x00002c7c   0x00002c7c   0x0000000c   Code   RO         1502    i.vTaskMissedYield  tasks.o
    0x00002c88   0x00002c88   0x00000038   Code   RO         1504    i.vTaskPlaceOnEventList  tasks.o
    0x00002cc0   0x00002cc0   0x00000040   Code   RO         1505    i.vTaskPlaceOnEventListRestricted  tasks.o
    0x00002d00   0x00002d00   0x00000094   Code   RO         1513    i.vTaskStartScheduler  tasks.o
    0x00002d94   0x00002d94   0x00000010   Code   RO         1515    i.vTaskSuspendAll   tasks.o
    0x00002da4   0x00002da4   0x0000008c   Code   RO         1516    i.vTaskSwitchContext  tasks.o
    0x00002e30   0x00002e30   0x00000158   Code   RO           11    i.vWifiTask         main.o
    0x00002f88   0x00002f88   0x00000004   Code   RO           12    i.writePin          main.o
    0x00002f8c   0x00002f8c   0x00000190   Code   RO         1036    i.xPortStartScheduler  port.o
    0x0000311c   0x0000311c   0x00000058   Code   RO         1222    i.xQueueGenericCreate  queue.o
    0x00003174   0x00003174   0x00000098   Code   RO         1223    i.xQueueGenericReset  queue.o
    0x0000320c   0x0000320c   0x000001c8   Code   RO         1224    i.xQueueGenericSend  queue.o
    0x000033d4   0x000033d4   0x00000108   Code   RO         1225    i.xQueueGenericSendFromISR  queue.o
    0x000034dc   0x000034dc   0x00000168   Code   RO         1232    i.xQueueReceive     queue.o
    0x00003644   0x00003644   0x0000008c   Code   RO         1517    i.xTaskCheckForTimeOut  tasks.o
    0x000036d0   0x000036d0   0x00000060   Code   RO         1518    i.xTaskCreate       tasks.o
    0x00003730   0x00003730   0x00000020   Code   RO         1522    i.xTaskGetSchedulerState  tasks.o
    0x00003750   0x00003750   0x0000000c   Code   RO         1523    i.xTaskGetTickCount  tasks.o
    0x0000375c   0x0000375c   0x00000148   Code   RO         1525    i.xTaskIncrementTick  tasks.o
    0x000038a4   0x000038a4   0x000000c8   Code   RO         1528    i.xTaskPriorityDisinherit  tasks.o
    0x0000396c   0x0000396c   0x00000098   Code   RO         1530    i.xTaskRemoveFromEventList  tasks.o
    0x00003a04   0x00003a04   0x00000104   Code   RO         1531    i.xTaskResumeAll    tasks.o
    0x00003b08   0x00003b08   0x00000054   Code   RO         1857    i.xTimerCreateTimerTask  timers.o
    0x00003b5c   0x00003b5c   0x00000084   Code   RO         1858    i.xTimerGenericCommand  timers.o
    0x00003be0   0x00003be0   0x00000030   Data   RO          826    .constdata          uart.o
    0x00003c10   0x00003c10   0x00000020   Data   RO         2834    Region$$Table       anon$$obj.o


    Execution Region RW_IRAM1 (Exec base: 0x20000000, Load base: 0x00003c30, Size: 0x00007778, Max: 0x00028000, ABSOLUTE, COMPRESSED[0x00000094])

    Exec Addr    Load Addr    Size         Type   Attr      Idx    E Section Name        Object

    0x20000000   COMPRESSED   0x00000004   Data   RW          582    .data               clk.o
    0x20000004   COMPRESSED   0x0000000c   Data   RW         1037    .data               port.o
    0x20000010   COMPRESSED   0x0000003c   Data   RW         1534    .data               tasks.o
    0x2000004c   COMPRESSED   0x00000014   Data   RW         1864    .data               timers.o
    0x20000060   COMPRESSED   0x00000018   Data   RW         2006    .data               heap_2.o
    0x20000078   COMPRESSED   0x00000018   Data   RW         2104    .data               lwesp_ll_m480.o
    0x20000090   COMPRESSED   0x00000442   Data   RW         2193    .data               lwesp_at_basic.o
    0x200004d2   COMPRESSED   0x00000002   PAD
    0x200004d4   COMPRESSED   0x00000008   Data   RW         2392    .data               retarget.o
    0x200004dc   COMPRESSED   0x0000002c   Data   RW         2480    .data               system_m480.o
    0x20000508   COMPRESSED   0x00000004   Data   RW         2530    .data               mc_w.l(strtok_r.o)
    0x2000050c        -       0x00000040   Zero   RW         1239    .bss                queue.o
    0x2000054c        -       0x000000c8   Zero   RW         1533    .bss                tasks.o
    0x20000614        -       0x00000028   Zero   RW         1863    .bss                timers.o
    0x2000063c        -       0x00006000   Zero   RW         2005    .bss                heap_2.o
    0x2000663c        -       0x00000938   Zero   RW         2283    .bss                lwesp_sys.o
    0x20006f74   COMPRESSED   0x00000004   PAD
    0x20006f78        -       0x00000800   Zero   RW         2468    STACK               startup_m480.o


==============================================================================

Image component sizes


      Code (inc. data)   RO Data    RW Data    ZI Data      Debug   Object Name

      1172         92          0          4          0       7676   clk.o
        50          0          0          0          0       1307   gpio.o
       304         40          0         24      24576       4283   heap_2.o
       148          0          0          0          0       5446   list.o
       120         38          0          0          0       1325   lwesp.o
       904        226          0       1090          0       9818   lwesp_at_basic.o
      1040        172          0         24          0       8096   lwesp_ll_m480.o
       188          0          0          0          0       4773   lwesp_queue.o
       656        160          0          0       2360       5561   lwesp_sys.o
       964        408          0          0          0     154844   main.o
      1054         90          0         12          0      12953   port.o
      1996         20          0          0         64      24582   queue.o
       316        132          0          8          0       5687   retarget.o
       104         20        500          0       2048        920   startup_m480.o
        40          4          0          0          0        666   sys.o
       248         44          0         44          0       2267   system_m480.o
      2574        348          0         60        200      24214   tasks.o
      1134        114          0         20         40      19271   timers.o
       488         44         48          0          0       3761   uart.o

    ----------------------------------------------------------------------
     13516       1952        580       1288      29292     297450   Object Totals
         0          0         32          0          0          0   (incl. Generated)
        16          0          0          2          4          0   (incl. Padding)

    ----------------------------------------------------------------------

      Code (inc. data)   RO Data    RW Data    ZI Data      Debug   Library Member Name

        86          0          0          0          0          0   __dczerorl2.o
         0          0          0          0          0          0   entry.o
         0          0          0          0          0          0   entry10a.o
         0          0          0          0          0          0   entry11a.o
         8          4          0          0          0          0   entry2.o
         4          0          0          0          0          0   entry5.o
         0          0          0          0          0          0   entry7b.o
         0          0          0          0          0          0   entry8b.o
         8          4          0          0          0          0   entry9a.o
        30          0          0          0          0          0   handlers.o
        36          8          0          0          0         68   init.o
        30          0          0          0          0         68   llshl.o
        32          0          0          0          0         68   llushr.o
        36          0          0          0          0         68   memcpya.o
        36          0          0          0          0        108   memseta.o
       786         62          0          0          0        336   printf5.o
        14          0          0          0          0         68   strlen.o
        36          0          0          0          0         80   strstr.o
        68          4          0          4          0         96   strtok_r.o
        98          0          0          0          0         92   uldiv.o

    ----------------------------------------------------------------------
      1312         82          0          4          0       1052   Library Totals
         4          0          0          0          0          0   (incl. Padding)

    ----------------------------------------------------------------------

      Code (inc. data)   RO Data    RW Data    ZI Data      Debug   Library Name

      1308         82          0          4          0       1052   mc_w.l

    ----------------------------------------------------------------------
      1312         82          0          4          0       1052   Library Totals

    ----------------------------------------------------------------------

==============================================================================


      Code (inc. data)   RO Data    RW Data    ZI Data      Debug   

     14828       2034        580       1292      29292     285418   Grand Totals
     14828       2034        580        148      29292     285418   ELF Image Totals (compressed)
     14828       2034        580        148          0          0   ROM Totals

==============================================================================

    Total RO  Size (Code + RO Data)                15408 (  15.05kB)
    Total RW  Size (RW Data + ZI Data)             30584 (  29.87kB)
    Total ROM Size (Code + RO Data + RW Data)      15556 (  15.19kB)

==============================================================================

