<html>
<body>
<pre>
<h1>µVision Build Log</h1>
<h2>Tool Versions:</h2>
IDE-Version: µVision V5.38.0.0
Copyright (C) 2022 ARM Ltd and ARM Germany GmbH. All rights reserved.
License Information: Kaya Alp, KyaHold, LIC=DSNXV-PD7XA-8YUVV-PIDP5-42UWW-8FL2F
 
Tool Versions:
Toolchain:       MDK-ARM Professional  Version: 5.26.2.0
Toolchain Path:  C:\Keil_v5\ARM\ARMCC\Bin
C Compiler:      Armcc.exe V5.06 update 6 (build 750)
Assembler:       Armasm.exe V5.06 update 6 (build 750)
Linker/Locator:  ArmLink.exe V5.06 update 6 (build 750)
Library Manager: ArmAr.exe V5.06 update 6 (build 750)
Hex Converter:   FromElf.exe V5.06 update 6 (build 750)
CPU DLL:         SARMCM3.DLL V5.26.2.0
Dialog DLL:      DCM.DLL V1.17.2.0
Target DLL:      NULink\Nu_Link.dll V2.05
Dialog DLL:      TCM.DLL V1.36.1.0
 
<h2>Project:</h2>
C:\Users\Turgay\OneDrive\Workspaces\personal-projects\EspressifAtCommandLibrary\ESP-AT-FreeRTOS-Library-M487\ESP-AT-FreeRTOS-Library-M487.uvprojx
Project File Date:  12/04/2023

<h2>Output:</h2>
*** Using Compiler 'V5.06 update 6 (build 750)', folder: 'C:\Keil_v5\ARM\ARMCC\Bin'
Build target 'M487JIDAE'
compiling lwesp_queue.c...
compiling lwesp_sys.c...
compiling lwesp_at_basic.c...
compiling lwesp.c...
compiling lwesp_ll_m480.c...
compiling main.c...
linking...
Program Size: Code=13364 RO-data=580 RW-data=336 ZI-data=28992  
".\Objects\ESP-AT-FreeRTOS-Library-M487.axf" - 0 Error(s), 0 Warning(s).

<h2>Software Packages used:</h2>

Package Vendor: ARM
                http://www.keil.com/pack/ARM.CMSIS.5.9.0.pack
                ARM.CMSIS.5.9.0
                CMSIS (Common Microcontroller Software Interface Standard)
   * Component: CORE Version: 5.6.0

Package Vendor: Nuvoton
                https://github.com/OpenNuvoton/cmsis-packs/raw/master/Nuvoton_DFP/Nuvoton.NuMicro_DFP.1.3.17.pack
                Nuvoton.NuMicro_DFP.1.3.17
                Nuvoton ARM Cortex-M NuMicro Family Device Support
   * Component: Startup Version: 0.00.001

<h2>Collection of Component include folders:</h2>
  ./RTE/_M487JIDAE
  C:/Users/Turgay/AppData/Local/Arm/Packs/ARM/CMSIS/5.9.0/CMSIS/Core/Include
  C:/Users/Turgay/AppData/Local/Arm/Packs/Nuvoton/NuMicro_DFP/1.3.17/Device/M480/Include
  C:/Users/Turgay/AppData/Local/Arm/Packs/Nuvoton/NuMicro_DFP/1.3.17/Device/M480/StdDriver/inc

<h2>Collection of Component Files used:</h2>

   * Component: ARM::CMSIS:CORE:5.6.0

   * Component: Nuvoton::Device:Startup:0.00.001
      Include file:  Device/M480/Include/M480.h
      Source file:   Device/M480/Source/ARM/startup_M480.s
      Source file:   Device/M480/Source/system_M480.c
      Source file:   Device/M480/StdDriver/src/retarget.c
Build Time Elapsed:  00:00:01
</pre>
</body>
</html>
